<html>
<body>
<pre>
<h1>礦ision Build Log</h1>
<h2>Tool Versions:</h2>
IDE-Version: μVision V5.14.0.0
Copyright (C) 2015 ARM Ltd and ARM Germany GmbH. All rights reserved.
License Information: Chalino Administrator, Chalino, LIC=V85GK-ZIFB3-9Z1WW-QBFUL-VSY4P-YPYZC
 
Tool Versions:
Toolchain:       MDK-ARM Professional  Version: 5.14.0.0
Toolchain Path:  C:\Keil_v5\ARM\ARMCC\Bin
C Compiler:      Armcc.exe V5.05 update 1 (build 106)
Assembler:       Armasm.exe V5.05 update 1 (build 106)
Linker/Locator:  ArmLink.exe V5.05 update 1 (build 106)
Library Manager: ArmAr.exe V5.05 update 1 (build 106)
Hex Converter:   FromElf.exe V5.05 update 1 (build 106)
CPU DLL:         SARMCM3.DLL V5.14.0.0
Dialog DLL:      DARMSTM.DLL V1.65.0.0
Target DLL:      Segger\JL2CM3.dll V2.99.13.0
Dialog DLL:      TARMSTM.DLL V1.64.0.0
 
<h2>Project:</h2>
F:\2018.10项目文件\项目\遥控(110V)\110Vteleop\USER\Teleop.uvprojx
Project File Date:  10/18/2018

<h2>Output:</h2>
Build target 'Teleop'
compiling main.c...
main.c(68): warning:  #177-D: variable "i" was declared but never referenced
         u8 i;
main.c(221): warning:  #1-D: last line of file ends without a newline
   
main.c: 2 warnings, 0 errors
compiling stm32f10x_it.c...
compiling system_stm32f10x.c...
compiling lcd.c...
compiling led.c...
compiling key.c...
compiling myiic.c...
compiling 24cxx.c...
compiling spi.c...
compiling flash.c...
compiling touch.c...
compiling ctiic.c...
compiling ott2001a.c...
compiling gt9147.c...
compiling adc.c...
..\HARDWARE\ADC\adc.c(67): warning:  #177-D: variable "t" was declared but never referenced
        u8 t;
..\HARDWARE\ADC\adc.c: 1 warning, 0 errors
compiling hwtimer.c...
compiling delay.c...
compiling sys.c...
compiling usart.c...
compiling core_cm3.c...
assembling startup_stm32f10x_hd.s...
compiling misc.c...
compiling stm32f10x_fsmc.c...
compiling stm32f10x_gpio.c...
compiling stm32f10x_rcc.c...
compiling stm32f10x_spi.c...
compiling stm32f10x_usart.c...
compiling stm32f10x_adc.c...
compiling stm32f10x_tim.c...
linking...
Program Size: Code=51870 RO-data=38026 RW-data=144 ZI-data=2024  
FromELF: creating hex file...
"..\OBJ\Teleop.axf" - 0 Error(s), 3 Warning(s).

<h2>Collection of Component include folders:</h2>
  F:\2018.10项目文件\项目\遥控(110V)\110Vteleop\USER\RTE
  C:\Keil_v5\ARM\PACK\Keil\STM32F1xx_DFP\1.0.5\Device\Include

<h2>Collection of Component Files used:</h2>
</pre>
</body>
</html>
