Component: ARM Compiler 5.05 update 1 (build 106) Tool: armlink [4d0efa]

==============================================================================

Section Cross References

    main.o(.text) refers to key.o(.text) for KEY_Init
    main.o(.text) refers to delay.o(.text) for delay_init
    main.o(.text) refers to sys.o(.text) for NVIC_Configuration
    main.o(.text) refers to lcd.o(.text) for LCD_Init
    main.o(.text) refers to adc.o(.text) for Adc_Init
    main.o(.text) refers to led.o(.text) for LED_Init
    main.o(.text) refers to hwtimer.o(.text) for TIM3_Int_Init
    main.o(.text) refers to stm32f10x_tim.o(.text) for TIM_Cmd
    main.o(.text) refers to stm32f10x_gpio.o(.text) for GPIO_SetBits
    main.o(.text) refers to touch.o(.data) for tp_dev
    main.o(.text) refers to main.o(.data) for j
    main.o(.text) refers to hwtimer.o(.data) for value
    main.o(.text) refers to lcd.o(.data) for POINT_COLOR
    main.o(.text) refers to lcd.o(.bss) for lcddev
    system_stm32f10x.o(.text) refers to system_stm32f10x.o(.data) for SystemCoreClock
    lcd.o(.text) refers to delay.o(.text) for delay_us
    lcd.o(.text) refers to lcd.o(.bss) for lcddev
    lcd.o(.text) refers to lcd.o(.data) for POINT_COLOR
    lcd.o(.text) refers to stm32f10x_rcc.o(.text) for RCC_AHBPeriphClockCmd
    lcd.o(.text) refers to stm32f10x_gpio.o(.text) for GPIO_Init
    lcd.o(.text) refers to stm32f10x_fsmc.o(.text) for FSMC_NORSRAMInit
    lcd.o(.text) refers to lcd.o(.constdata) for asc2_1608
    lcd.o(.text) refers to c89vsprintf.o(.text) for __c89vsprintf
    led.o(.text) refers to stm32f10x_rcc.o(.text) for RCC_APB2PeriphClockCmd
    led.o(.text) refers to stm32f10x_gpio.o(.text) for GPIO_Init
    key.o(.text) refers to stm32f10x_rcc.o(.text) for RCC_APB2PeriphClockCmd
    key.o(.text) refers to stm32f10x_gpio.o(.text) for GPIO_Init
    key.o(.text) refers to delay.o(.text) for delay_ms
    key.o(.text) refers to key.o(.data) for key_up
    myiic.o(.text) refers to stm32f10x_rcc.o(.text) for RCC_APB2PeriphClockCmd
    myiic.o(.text) refers to stm32f10x_gpio.o(.text) for GPIO_Init
    myiic.o(.text) refers to delay.o(.text) for delay_us
    24cxx.o(.text) refers to myiic.o(.text) for IIC_Init
    24cxx.o(.text) refers to delay.o(.text) for delay_ms
    spi.o(.text) refers to stm32f10x_spi.o(.text) for SPI_I2S_GetFlagStatus
    spi.o(.text) refers to stm32f10x_rcc.o(.text) for RCC_APB2PeriphClockCmd
    spi.o(.text) refers to stm32f10x_gpio.o(.text) for GPIO_Init
    flash.o(.text) refers to spi.o(.text) for SPI2_ReadWriteByte
    flash.o(.text) refers to stm32f10x_rcc.o(.text) for RCC_APB2PeriphClockCmd
    flash.o(.text) refers to stm32f10x_gpio.o(.text) for GPIO_Init
    flash.o(.text) refers to delay.o(.text) for delay_us
    flash.o(.text) refers to flash.o(.data) for SPI_FLASH_TYPE
    flash.o(.text) refers to flash.o(.bss) for SPI_FLASH_BUF
    touch.o(.text) refers to delay.o(.text) for delay_us
    touch.o(.text) refers to lcd.o(.text) for LCD_DrawLine
    touch.o(.text) refers to fflt_clz.o(x$fpl$fflt) for __aeabi_i2f
    touch.o(.text) refers to fflt_clz.o(x$fpl$ffltu) for __aeabi_ui2f
    touch.o(.text) refers to fmul.o(x$fpl$fmul) for __aeabi_fmul
    touch.o(.text) refers to faddsub_clz.o(x$fpl$fadd) for __aeabi_fadd
    touch.o(.text) refers to ffixu.o(x$fpl$ffixu) for __aeabi_f2uiz
    touch.o(.text) refers to ffix.o(x$fpl$ffix) for __aeabi_f2iz
    touch.o(.text) refers to 24cxx.o(.text) for AT24CXX_WriteLenByte
    touch.o(.text) refers to touch.o(.data) for CMD_RDX
    touch.o(.text) refers to lcd.o(.data) for POINT_COLOR
    touch.o(.text) refers to fdiv.o(x$fpl$fdiv) for __aeabi_fdiv
    touch.o(.text) refers to dflt_clz.o(x$fpl$dfltu) for __aeabi_ui2d
    touch.o(.text) refers to sqrt.o(i.sqrt) for sqrt
    touch.o(.text) refers to dfixu.o(x$fpl$dfixu) for __aeabi_d2uiz
    touch.o(.text) refers to lcd.o(.bss) for lcddev
    touch.o(.text) refers to f2d.o(x$fpl$f2d) for __aeabi_f2d
    touch.o(.text) refers to dleqf.o(x$fpl$dleqf) for __aeabi_cdcmple
    touch.o(.text) refers to drleqf.o(x$fpl$drleqf) for __aeabi_cdrcmple
    touch.o(.text) refers to faddsub_clz.o(x$fpl$fsub) for __aeabi_fsub
    touch.o(.text) refers to gt9147.o(.text) for GT9147_Init
    touch.o(.text) refers to ott2001a.o(.text) for OTT2001A_Init
    touch.o(.text) refers to stm32f10x_rcc.o(.text) for RCC_APB2PeriphClockCmd
    touch.o(.text) refers to stm32f10x_gpio.o(.text) for GPIO_Init
    touch.o(.data) refers to touch.o(.text) for TP_Init
    touch.o(.data) refers to touch.o(.conststring) for .conststring
    ctiic.o(.text) refers to delay.o(.text) for delay_us
    ctiic.o(.text) refers to stm32f10x_rcc.o(.text) for RCC_APB2PeriphClockCmd
    ctiic.o(.text) refers to stm32f10x_gpio.o(.text) for GPIO_Init
    ott2001a.o(.text) refers to _printf_percent.o(.ARM.Collect$$_printf_percent$$00000000) for _printf_percent
    ott2001a.o(.text) refers to _printf_x.o(.ARM.Collect$$_printf_percent$$0000000C) for _printf_x
[...]
    __rt_lib_init                            0x08000235   Thumb Code     0  libinit.o(.ARM.Collect$$libinit$$00000000)
    __rt_lib_init_fp_1                       0x08000237   Thumb Code     0  libinit2.o(.ARM.Collect$$libinit$$00000002)
    __rt_lib_init_heap_1                     0x08000237   Thumb Code     0  libinit2.o(.ARM.Collect$$libinit$$0000000A)
    __rt_lib_init_lc_common                  0x08000237   Thumb Code     0  libinit2.o(.ARM.Collect$$libinit$$0000000F)
    __rt_lib_init_preinit_1                  0x08000237   Thumb Code     0  libinit2.o(.ARM.Collect$$libinit$$00000004)
    __rt_lib_init_rand_1                     0x08000237   Thumb Code     0  libinit2.o(.ARM.Collect$$libinit$$0000000E)
    __rt_lib_init_user_alloc_1               0x08000237   Thumb Code     0  libinit2.o(.ARM.Collect$$libinit$$0000000C)
    __rt_lib_init_lc_collate_1               0x0800023d   Thumb Code     0  libinit2.o(.ARM.Collect$$libinit$$00000011)
    __rt_lib_init_lc_ctype_2                 0x0800023d   Thumb Code     0  libinit2.o(.ARM.Collect$$libinit$$00000012)
    __rt_lib_init_lc_ctype_1                 0x08000249   Thumb Code     0  libinit2.o(.ARM.Collect$$libinit$$00000013)
    __rt_lib_init_lc_monetary_1              0x08000249   Thumb Code     0  libinit2.o(.ARM.Collect$$libinit$$00000015)
    __rt_lib_init_lc_numeric_2               0x08000249   Thumb Code     0  libinit2.o(.ARM.Collect$$libinit$$00000016)
    __rt_lib_init_alloca_1                   0x08000253   Thumb Code     0  libinit2.o(.ARM.Collect$$libinit$$0000002E)
    __rt_lib_init_argv_1                     0x08000253   Thumb Code     0  libinit2.o(.ARM.Collect$$libinit$$0000002C)
    __rt_lib_init_atexit_1                   0x08000253   Thumb Code     0  libinit2.o(.ARM.Collect$$libinit$$0000001B)
    __rt_lib_init_clock_1                    0x08000253   Thumb Code     0  libinit2.o(.ARM.Collect$$libinit$$00000021)
    __rt_lib_init_cpp_1                      0x08000253   Thumb Code     0  libinit2.o(.ARM.Collect$$libinit$$00000032)
    __rt_lib_init_exceptions_1               0x08000253   Thumb Code     0  libinit2.o(.ARM.Collect$$libinit$$00000030)
    __rt_lib_init_fp_trap_1                  0x08000253   Thumb Code     0  libinit2.o(.ARM.Collect$$libinit$$0000001F)
    __rt_lib_init_getenv_1                   0x08000253   Thumb Code     0  libinit2.o(.ARM.Collect$$libinit$$00000023)
    __rt_lib_init_lc_numeric_1               0x08000253   Thumb Code     0  libinit2.o(.ARM.Collect$$libinit$$00000017)
    __rt_lib_init_lc_time_1                  0x08000253   Thumb Code     0  libinit2.o(.ARM.Collect$$libinit$$00000019)
    __rt_lib_init_return                     0x08000253   Thumb Code     0  libinit2.o(.ARM.Collect$$libinit$$00000033)
    __rt_lib_init_signal_1                   0x08000253   Thumb Code     0  libinit2.o(.ARM.Collect$$libinit$$0000001D)
    __rt_lib_init_stdio_1                    0x08000253   Thumb Code     0  libinit2.o(.ARM.Collect$$libinit$$00000025)
    __rt_lib_shutdown                        0x08000255   Thumb Code     0  libshutdown.o(.ARM.Collect$$libshutdown$$00000000)
    __rt_lib_shutdown_fp_trap_1              0x08000257   Thumb Code     0  libshutdown2.o(.ARM.Collect$$libshutdown$$00000006)
    __rt_lib_shutdown_heap_1                 0x08000257   Thumb Code     0  libshutdown2.o(.ARM.Collect$$libshutdown$$0000000E)
    __rt_lib_shutdown_return                 0x08000257   Thumb Code     0  libshutdown2.o(.ARM.Collect$$libshutdown$$0000000F)
    __rt_lib_shutdown_signal_1               0x08000257   Thumb Code     0  libshutdown2.o(.ARM.Collect$$libshutdown$$00000009)
    __rt_lib_shutdown_stdio_1                0x08000257   Thumb Code     0  libshutdown2.o(.ARM.Collect$$libshutdown$$00000003)
    __rt_lib_shutdown_user_alloc_1           0x08000257   Thumb Code     0  libshutdown2.o(.ARM.Collect$$libshutdown$$0000000B)
    __rt_entry                               0x08000259   Thumb Code     0  __rtentry.o(.ARM.Collect$$rtentry$$00000000)
    __rt_entry_presh_1                       0x08000259   Thumb Code     0  __rtentry2.o(.ARM.Collect$$rtentry$$00000002)
    __rt_entry_sh                            0x08000259   Thumb Code     0  __rtentry4.o(.ARM.Collect$$rtentry$$00000004)
    __rt_entry_li                            0x0800025f   Thumb Code     0  __rtentry2.o(.ARM.Collect$$rtentry$$0000000A)
    __rt_entry_postsh_1                      0x0800025f   Thumb Code     0  __rtentry2.o(.ARM.Collect$$rtentry$$00000009)
    __rt_entry_main                          0x08000263   Thumb Code     0  __rtentry2.o(.ARM.Collect$$rtentry$$0000000D)
    __rt_entry_postli_1                      0x08000263   Thumb Code     0  __rtentry2.o(.ARM.Collect$$rtentry$$0000000C)
    __rt_exit                                0x0800026b   Thumb Code     0  rtexit.o(.ARM.Collect$$rtexit$$00000000)
    __rt_exit_ls                             0x0800026d   Thumb Code     0  rtexit2.o(.ARM.Collect$$rtexit$$00000003)
    __rt_exit_prels_1                        0x0800026d   Thumb Code     0  rtexit2.o(.ARM.Collect$$rtexit$$00000002)
    __rt_exit_exit                           0x08000271   Thumb Code     0  rtexit2.o(.ARM.Collect$$rtexit$$00000004)
    hardware_init                            0x08000279   Thumb Code    38  main.o(.text)
    fitter                                   0x0800029f   Thumb Code    66  main.o(.text)
    main                                     0x080002e1   Thumb Code  1034  main.o(.text)
    NMI_Handler                              0x080006f1   Thumb Code     2  stm32f10x_it.o(.text)
    HardFault_Handler                        0x080006f3   Thumb Code     4  stm32f10x_it.o(.text)
    MemManage_Handler                        0x080006f7   Thumb Code     4  stm32f10x_it.o(.text)
    BusFault_Handler                         0x080006fb   Thumb Code     4  stm32f10x_it.o(.text)
    UsageFault_Handler                       0x080006ff   Thumb Code     4  stm32f10x_it.o(.text)
    SVC_Handler                              0x08000703   Thumb Code     2  stm32f10x_it.o(.text)
    DebugMon_Handler                         0x08000705   Thumb Code     2  stm32f10x_it.o(.text)
    PendSV_Handler                           0x08000707   Thumb Code     2  stm32f10x_it.o(.text)
    SysTick_Handler                          0x08000709   Thumb Code     2  stm32f10x_it.o(.text)
    SystemInit                               0x080007eb   Thumb Code    78  system_stm32f10x.o(.text)
    SystemCoreClockUpdate                    0x08000839   Thumb Code   142  system_stm32f10x.o(.text)
    LCD_WR_REG                               0x080008ed   Thumb Code     6  lcd.o(.text)
    LCD_WR_DATA                              0x080008f3   Thumb Code     8  lcd.o(.text)
    LCD_RD_DATA                              0x080008fb   Thumb Code     8  lcd.o(.text)
    LCD_WriteReg                             0x08000903   Thumb Code    10  lcd.o(.text)
    LCD_ReadReg                              0x0800090d   Thumb Code    22  lcd.o(.text)
    LCD_WriteRAM_Prepare                     0x08000923   Thumb Code    10  lcd.o(.text)
    LCD_WriteRAM                             0x0800092d   Thumb Code     8  lcd.o(.text)
    LCD_BGR2RGB                              0x08000935   Thumb Code    26  lcd.o(.text)
    opt_delay                                0x0800094f   Thumb Code    14  lcd.o(.text)
    LCD_SetCursor                            0x0800095d   Thumb Code   262  lcd.o(.text)
    LCD_ReadPoint                            0x08000a63   Thumb Code   358  lcd.o(.text)
    LCD_DisplayOn                            0x08000bc9   Thumb Code    80  lcd.o(.text)
    LCD_DisplayOff                           0x08000c19   Thumb Code    78  lcd.o(.text)
    LCD_Scan_Dir                             0x08000c67   Thumb Code   718  lcd.o(.text)
    LCD_DrawPoint                            0x08000f35   Thumb Code    28  lcd.o(.text)
    LCD_Fast_DrawPoint                       0x08000f51   Thumb Code   278  lcd.o(.text)
    LCD_Display_Dir                          0x08001067   Thumb Code   432  lcd.o(.text)
    LCD_Set_Window                           0x08001217   Thumb Code   422  lcd.o(.text)
    LCD_Clear                                0x080013bd   Thumb Code   100  lcd.o(.text)
    LCD_Init                                 0x08001421   Thumb Code 14074  lcd.o(.text)
    LCD_Fill                                 0x08004b1b   Thumb Code   178  lcd.o(.text)
    LCD_Color_Fill                           0x08004bcd   Thumb Code   100  lcd.o(.text)
    LCD_DrawLine                             0x08004c31   Thumb Code   176  lcd.o(.text)
    LCD_DrawRectangle                        0x08004ce1   Thumb Code    60  lcd.o(.text)
    Draw_Circle                              0x08004d1d   Thumb Code   152  lcd.o(.text)
    LCD_ShowChar                             0x08004db5   Thumb Code   332  lcd.o(.text)
    LCD_Pow                                  0x08004f01   Thumb Code    22  lcd.o(.text)
    LCD_ShowNum                              0x08004f17   Thumb Code   148  lcd.o(.text)
    LCD_ShowxNum                             0x08004fab   Thumb Code   214  lcd.o(.text)
    LCD_ShowString                           0x08005081   Thumb Code   102  lcd.o(.text)
    LCD_ShowHz_128_huan                      0x080050e7   Thumb Code   288  lcd.o(.text)
    LCD_ShowHz_maohao                        0x08005207   Thumb Code   280  lcd.o(.text)
    Show128x64num                            0x0800531f   Thumb Code   288  lcd.o(.text)
    Show128x64fuhao                          0x0800543f   Thumb Code   302  lcd.o(.text)
    Show96x48VS                              0x0800556d   Thumb Code   284  lcd.o(.text)
    LCD_printfnum128                         0x08005689   Thumb Code   110  lcd.o(.text)
    LCD_printf                               0x080056f7   Thumb Code   124  lcd.o(.text)
    LCD_ShowHz_48                            0x08005773   Thumb Code   288  lcd.o(.text)
    LCD_ShowHz_96x48                         0x08005893   Thumb Code   298  lcd.o(.text)
    LED_Init                                 0x080059c9   Thumb Code    82  led.o(.text)
    KEY_Init                                 0x08005a21   Thumb Code    38  key.o(.text)
    KEY_Scan                                 0x08005a47   Thumb Code   188  key.o(.text)
    IIC_Init                                 0x08005b15   Thumb Code    62  myiic.o(.text)
    IIC_Start                                0x08005b53   Thumb Code    72  myiic.o(.text)
    IIC_Stop                                 0x08005b9b   Thumb Code    66  myiic.o(.text)
    IIC_Wait_Ack                             0x08005bdd   Thumb Code    90  myiic.o(.text)
    IIC_Ack                                  0x08005c37   Thumb Code    70  myiic.o(.text)
    IIC_NAck                                 0x08005c7d   Thumb Code    70  myiic.o(.text)
    IIC_Send_Byte                            0x08005cc3   Thumb Code    94  myiic.o(.text)
    IIC_Read_Byte                            0x08005d21   Thumb Code   102  myiic.o(.text)
    AT24CXX_Init                             0x08005d95   Thumb Code     8  24cxx.o(.text)
    AT24CXX_ReadOneByte                      0x08005d9d   Thumb Code    88  24cxx.o(.text)
    AT24CXX_WriteOneByte                     0x08005df5   Thumb Code    80  24cxx.o(.text)
    AT24CXX_WriteLenByte                     0x08005e45   Thumb Code    42  24cxx.o(.text)
    AT24CXX_ReadLenByte                      0x08005e6f   Thumb Code    44  24cxx.o(.text)
    AT24CXX_Check                            0x08005e9b   Thumb Code    46  24cxx.o(.text)
    AT24CXX_Read                             0x08005ec9   Thumb Code    34  24cxx.o(.text)
    AT24CXX_Write                            0x08005eeb   Thumb Code    36  24cxx.o(.text)
    TP_Write_Byte                            0x08005f11   Thumb Code    54  touch.o(.text)
    TP_Read_AD                               0x08005f47   Thumb Code   126  touch.o(.text)
    TP_Read_XOY                              0x08005fc5   Thumb Code   120  touch.o(.text)
    TP_Read_XY                               0x0800603d   Thumb Code    38  touch.o(.text)
    TP_Read_XY2                              0x08006063   Thumb Code   192  touch.o(.text)
    TP_Drow_Touch_Point                      0x08006123   Thumb Code   108  touch.o(.text)
    TP_Draw_Big_Point                        0x0800618f   Thumb Code    54  touch.o(.text)
    TP_Scan                                  0x080061c5   Thumb Code   248  touch.o(.text)
    TP_Save_Adjdata                          0x080062bd   Thumb Code   156  touch.o(.text)
    TP_Get_Adjdata                           0x08006359   Thumb Code   152  touch.o(.text)
    TP_Adj_Info_Show                         0x080063f1   Thumb Code   376  touch.o(.text)
    TP_Adjust                                0x08006569   Thumb Code  2106  touch.o(.text)
    TP_Init                                  0x08006da3   Thumb Code   220  touch.o(.text)
    Load_Drow_Dialog                         0x08006e7f   Thumb Code    52  touch.o(.text)
    gui_draw_hline                           0x08006eb3   Thumb Code    36  touch.o(.text)
    gui_fill_circle                          0x08006ed7   Thumb Code   176  touch.o(.text)
    my_abs                                   0x08006f87   Thumb Code    18  touch.o(.text)
    lcd_draw_bline                           0x08006f99   Thumb Code   298  touch.o(.text)
    ctp_test                                 0x080070c3   Thumb Code   232  touch.o(.text)
    CT_Delay                                 0x080071b5   Thumb Code    10  ctiic.o(.text)
    CT_IIC_Init                              0x080071bf   Thumb Code    72  ctiic.o(.text)
    CT_IIC_Start                             0x08007207   Thumb Code    64  ctiic.o(.text)
    CT_IIC_Stop                              0x08007247   Thumb Code    62  ctiic.o(.text)
    CT_IIC_Wait_Ack                          0x08007285   Thumb Code    88  ctiic.o(.text)
    CT_IIC_Ack                               0x080072dd   Thumb Code    66  ctiic.o(.text)
    CT_IIC_NAck                              0x0800731f   Thumb Code    66  ctiic.o(.text)
    CT_IIC_Send_Byte                         0x08007361   Thumb Code    82  ctiic.o(.text)
    CT_IIC_Read_Byte                         0x080073b3   Thumb Code    96  ctiic.o(.text)
    OTT2001A_WR_Reg                          0x0800742d   Thumb Code    92  ott2001a.o(.text)
    OTT2001A_RD_Reg                          0x08007489   Thumb Code    98  ott2001a.o(.text)
    OTT2001A_SensorControl                   0x080074eb   Thumb Code    28  ott2001a.o(.text)
    OTT2001A_Init                            0x08007507   Thumb Code   148  ott2001a.o(.text)
    OTT2001A_Scan                            0x0800759b   Thumb Code   432  ott2001a.o(.text)
    GT9147_WR_Reg                            0x08007789   Thumb Code    92  gt9147.o(.text)
    GT9147_Send_Cfg                          0x080077e5   Thumb Code    86  gt9147.o(.text)
    GT9147_RD_Reg                            0x0800783b   Thumb Code    98  gt9147.o(.text)
    GT9147_Init                              0x0800789d   Thumb Code   234  gt9147.o(.text)
    GT9147_Scan                              0x08007987   Thumb Code   394  gt9147.o(.text)
    Adc_Init                                 0x08007b39   Thumb Code   132  adc.o(.text)
    Get_Adc                                  0x08007bbd   Thumb Code    46  adc.o(.text)
    Get_Adc_Average                          0x08007beb   Thumb Code    24  adc.o(.text)
    ADC_con                                  0x08007c03   Thumb Code    88  adc.o(.text)
    TIM3_Int_Init                            0x08007c75   Thumb Code    92  hwtimer.o(.text)
    TIM4_Int_Init                            0x08007cd1   Thumb Code    94  hwtimer.o(.text)
    TIM3_IRQHandler                          0x08007d2f   Thumb Code   328  hwtimer.o(.text)
    TIM4_IRQHandler                          0x08007e77   Thumb Code   102  hwtimer.o(.text)
    delay_init                               0x08007f1d   Thumb Code    50  delay.o(.text)
    delay_us                                 0x08007f4f   Thumb Code    72  delay.o(.text)
    delay_ms                                 0x08007f97   Thumb Code    72  delay.o(.text)
    NVIC_Configuration                       0x08007ff1   Thumb Code    12  sys.o(.text)
    _sys_exit                                0x08007ffd   Thumb Code     6  usart.o(.text)
    fputc                                    0x08008003   Thumb Code    24  usart.o(.text)
    uart_init                                0x0800801b   Thumb Code   158  usart.o(.text)
    USART1_IRQHandler                        0x080080b9   Thumb Code   122  usart.o(.text)
    Reset_Handler                            0x08008145   Thumb Code     8  startup_stm32f10x_hd.o(.text)
    ADC1_2_IRQHandler                        0x0800815f   Thumb Code     0  startup_stm32f10x_hd.o(.text)
    ADC3_IRQHandler                          0x0800815f   Thumb Code     0  startup_stm32f10x_hd.o(.text)
    CAN1_RX1_IRQHandler                      0x0800815f   Thumb Code     0  startup_stm32f10x_hd.o(.text)
    CAN1_SCE_IRQHandler                      0x0800815f   Thumb Code     0  startup_stm32f10x_hd.o(.text)
    DMA1_Channel1_IRQHandler                 0x0800815f   Thumb Code     0  startup_stm32f10x_hd.o(.text)
    DMA1_Channel2_IRQHandler                 0x0800815f   Thumb Code     0  startup_stm32f10x_hd.o(.text)
    DMA1_Channel3_IRQHandler                 0x0800815f   Thumb Code     0  startup_stm32f10x_hd.o(.text)
    DMA1_Channel4_IRQHandler                 0x0800815f   Thumb Code     0  startup_stm32f10x_hd.o(.text)
    DMA1_Channel5_IRQHandler                 0x0800815f   Thumb Code     0  startup_stm32f10x_hd.o(.text)
    DMA1_Channel6_IRQHandler                 0x0800815f   Thumb Code     0  startup_stm32f10x_hd.o(.text)
    DMA1_Channel7_IRQHandler                 0x0800815f   Thumb Code     0  startup_stm32f10x_hd.o(.text)
    DMA2_Channel1_IRQHandler                 0x0800815f   Thumb Code     0  startup_stm32f10x_hd.o(.text)
    DMA2_Channel2_IRQHandler                 0x0800815f   Thumb Code     0  startup_stm32f10x_hd.o(.text)
    DMA2_Channel3_IRQHandler                 0x0800815f   Thumb Code     0  startup_stm32f10x_hd.o(.text)
    DMA2_Channel4_5_IRQHandler               0x0800815f   Thumb Code     0  startup_stm32f10x_hd.o(.text)
    EXTI0_IRQHandler                         0x0800815f   Thumb Code     0  startup_stm32f10x_hd.o(.text)
    EXTI15_10_IRQHandler                     0x0800815f   Thumb Code     0  startup_stm32f10x_hd.o(.text)
    EXTI1_IRQHandler                         0x0800815f   Thumb Code     0  startup_stm32f10x_hd.o(.text)
    EXTI2_IRQHandler                         0x0800815f   Thumb Code     0  startup_stm32f10x_hd.o(.text)
    EXTI3_IRQHandler                         0x0800815f   Thumb Code     0  startup_stm32f10x_hd.o(.text)
    EXTI4_IRQHandler                         0x0800815f   Thumb Code     0  startup_stm32f10x_hd.o(.text)
    EXTI9_5_IRQHandler                       0x0800815f   Thumb Code     0  startup_stm32f10x_hd.o(.text)
    FLASH_IRQHandler                         0x0800815f   Thumb Code     0  startup_stm32f10x_hd.o(.text)
    FSMC_IRQHandler                          0x0800815f   Thumb Code     0  startup_stm32f10x_hd.o(.text)
    I2C1_ER_IRQHandler                       0x0800815f   Thumb Code     0  startup_stm32f10x_hd.o(.text)
    I2C1_EV_IRQHandler                       0x0800815f   Thumb Code     0  startup_stm32f10x_hd.o(.text)
    I2C2_ER_IRQHandler                       0x0800815f   Thumb Code     0  startup_stm32f10x_hd.o(.text)
    I2C2_EV_IRQHandler                       0x0800815f   Thumb Code     0  startup_stm32f10x_hd.o(.text)
    PVD_IRQHandler                           0x0800815f   Thumb Code     0  startup_stm32f10x_hd.o(.text)
    RCC_IRQHandler                           0x0800815f   Thumb Code     0  startup_stm32f10x_hd.o(.text)
    RTCAlarm_IRQHandler                      0x0800815f   Thumb Code     0  startup_stm32f10x_hd.o(.text)
    RTC_IRQHandler                           0x0800815f   Thumb Code     0  startup_stm32f10x_hd.o(.text)
    SDIO_IRQHandler                          0x0800815f   Thumb Code     0  startup_stm32f10x_hd.o(.text)
    SPI1_IRQHandler                          0x0800815f   Thumb Code     0  startup_stm32f10x_hd.o(.text)
    SPI2_IRQHandler                          0x0800815f   Thumb Code     0  startup_stm32f10x_hd.o(.text)
    SPI3_IRQHandler                          0x0800815f   Thumb Code     0  startup_stm32f10x_hd.o(.text)
    TAMPER_IRQHandler                        0x0800815f   Thumb Code     0  startup_stm32f10x_hd.o(.text)
    TIM1_BRK_IRQHandler                      0x0800815f   Thumb Code     0  startup_stm32f10x_hd.o(.text)
    TIM1_CC_IRQHandler                       0x0800815f   Thumb Code     0  startup_stm32f10x_hd.o(.text)
    TIM1_TRG_COM_IRQHandler                  0x0800815f   Thumb Code     0  startup_stm32f10x_hd.o(.text)
    TIM1_UP_IRQHandler                       0x0800815f   Thumb Code     0  startup_stm32f10x_hd.o(.text)
    TIM2_IRQHandler                          0x0800815f   Thumb Code     0  startup_stm32f10x_hd.o(.text)
    TIM5_IRQHandler                          0x0800815f   Thumb Code     0  startup_stm32f10x_hd.o(.text)
    TIM6_IRQHandler                          0x0800815f   Thumb Code     0  startup_stm32f10x_hd.o(.text)
    TIM7_IRQHandler                          0x0800815f   Thumb Code     0  startup_stm32f10x_hd.o(.text)
    TIM8_BRK_IRQHandler                      0x0800815f   Thumb Code     0  startup_stm32f10x_hd.o(.text)
    TIM8_CC_IRQHandler                       0x0800815f   Thumb Code     0  startup_stm32f10x_hd.o(.text)
    TIM8_TRG_COM_IRQHandler                  0x0800815f   Thumb Code     0  startup_stm32f10x_hd.o(.text)
    TIM8_UP_IRQHandler                       0x0800815f   Thumb Code     0  startup_stm32f10x_hd.o(.text)
    UART4_IRQHandler                         0x0800815f   Thumb Code     0  startup_stm32f10x_hd.o(.text)
    UART5_IRQHandler                         0x0800815f   Thumb Code     0  startup_stm32f10x_hd.o(.text)
    USART2_IRQHandler                        0x0800815f   Thumb Code     0  startup_stm32f10x_hd.o(.text)
    USART3_IRQHandler                        0x0800815f   Thumb Code     0  startup_stm32f10x_hd.o(.text)
    USBWakeUp_IRQHandler                     0x0800815f   Thumb Code     0  startup_stm32f10x_hd.o(.text)
    USB_HP_CAN1_TX_IRQHandler                0x0800815f   Thumb Code     0  startup_stm32f10x_hd.o(.text)
    USB_LP_CAN1_RX0_IRQHandler               0x0800815f   Thumb Code     0  startup_stm32f10x_hd.o(.text)
    WWDG_IRQHandler                          0x0800815f   Thumb Code     0  startup_stm32f10x_hd.o(.text)
    __user_initial_stackheap                 0x08008161   Thumb Code     0  startup_stm32f10x_hd.o(.text)
    NVIC_PriorityGroupConfig                 0x08008185   Thumb Code    10  misc.o(.text)
    NVIC_Init                                0x0800818f   Thumb Code   100  misc.o(.text)
    NVIC_SetVectorTable                      0x080081f3   Thumb Code    14  misc.o(.text)
    NVIC_SystemLPConfig                      0x08008201   Thumb Code    34  misc.o(.text)
    SysTick_CLKSourceConfig                  0x08008223   Thumb Code    40  misc.o(.text)
    FSMC_NORSRAMDeInit                       0x08008261   Thumb Code    54  stm32f10x_fsmc.o(.text)
    FSMC_NANDDeInit                          0x08008297   Thumb Code    62  stm32f10x_fsmc.o(.text)
    FSMC_PCCARDDeInit                        0x080082d5   Thumb Code    36  stm32f10x_fsmc.o(.text)
    FSMC_NORSRAMInit                         0x080082f9   Thumb Code   230  stm32f10x_fsmc.o(.text)
    FSMC_NANDInit                            0x080083df   Thumb Code   132  stm32f10x_fsmc.o(.text)
    FSMC_PCCARDInit                          0x08008463   Thumb Code   130  stm32f10x_fsmc.o(.text)
    FSMC_NORSRAMStructInit                   0x080084e5   Thumb Code   114  stm32f10x_fsmc.o(.text)
    FSMC_NANDStructInit                      0x08008557   Thumb Code    54  stm32f10x_fsmc.o(.text)
    FSMC_PCCARDStructInit                    0x0800858d   Thumb Code    60  stm32f10x_fsmc.o(.text)
    FSMC_NORSRAMCmd                          0x080085c9   Thumb Code    46  stm32f10x_fsmc.o(.text)
    FSMC_NANDCmd                             0x080085f7   Thumb Code    86  stm32f10x_fsmc.o(.text)
    FSMC_PCCARDCmd                           0x0800864d   Thumb Code    44  stm32f10x_fsmc.o(.text)
    FSMC_NANDECCCmd                          0x08008679   Thumb Code    90  stm32f10x_fsmc.o(.text)
    FSMC_GetECC                              0x080086d3   Thumb Code    24  stm32f10x_fsmc.o(.text)
    FSMC_ITConfig                            0x080086eb   Thumb Code   128  stm32f10x_fsmc.o(.text)
    FSMC_GetFlagStatus                       0x0800876b   Thumb Code    54  stm32f10x_fsmc.o(.text)
    FSMC_ClearFlag                           0x080087a1   Thumb Code    62  stm32f10x_fsmc.o(.text)
    FSMC_GetITStatus                         0x080087df   Thumb Code    64  stm32f10x_fsmc.o(.text)
    FSMC_ClearITPendingBit                   0x0800881f   Thumb Code    68  stm32f10x_fsmc.o(.text)
    GPIO_DeInit                              0x0800886d   Thumb Code   172  stm32f10x_gpio.o(.text)
    GPIO_AFIODeInit                          0x08008919   Thumb Code    20  stm32f10x_gpio.o(.text)
    GPIO_Init                                0x0800892d   Thumb Code   278  stm32f10x_gpio.o(.text)
    GPIO_StructInit                          0x08008a43   Thumb Code    16  stm32f10x_gpio.o(.text)
    GPIO_ReadInputDataBit                    0x08008a53   Thumb Code    18  stm32f10x_gpio.o(.text)
    GPIO_ReadInputData                       0x08008a65   Thumb Code     8  stm32f10x_gpio.o(.text)
    GPIO_ReadOutputDataBit                   0x08008a6d   Thumb Code    18  stm32f10x_gpio.o(.text)
    GPIO_ReadOutputData                      0x08008a7f   Thumb Code     8  stm32f10x_gpio.o(.text)
    GPIO_SetBits                             0x08008a87   Thumb Code     4  stm32f10x_gpio.o(.text)
    GPIO_ResetBits                           0x08008a8b   Thumb Code     4  stm32f10x_gpio.o(.text)
    GPIO_WriteBit                            0x08008a8f   Thumb Code    10  stm32f10x_gpio.o(.text)
    GPIO_Write                               0x08008a99   Thumb Code     4  stm32f10x_gpio.o(.text)
    GPIO_PinLockConfig                       0x08008a9d   Thumb Code    18  stm32f10x_gpio.o(.text)
    GPIO_EventOutputConfig                   0x08008aaf   Thumb Code    26  stm32f10x_gpio.o(.text)
    GPIO_EventOutputCmd                      0x08008ac9   Thumb Code     6  stm32f10x_gpio.o(.text)
    GPIO_PinRemapConfig                      0x08008acf   Thumb Code   138  stm32f10x_gpio.o(.text)
    GPIO_EXTILineConfig                      0x08008b59   Thumb Code    66  stm32f10x_gpio.o(.text)
    GPIO_ETH_MediaInterfaceConfig            0x08008b9b   Thumb Code     8  stm32f10x_gpio.o(.text)
    RCC_DeInit                               0x08008bc9   Thumb Code    64  stm32f10x_rcc.o(.text)
    RCC_HSEConfig                            0x08008c09   Thumb Code    70  stm32f10x_rcc.o(.text)
    RCC_GetFlagStatus                        0x08008c4f   Thumb Code    56  stm32f10x_rcc.o(.text)
    RCC_WaitForHSEStartUp                    0x08008c87   Thumb Code    56  stm32f10x_rcc.o(.text)
    RCC_AdjustHSICalibrationValue            0x08008cbf   Thumb Code    20  stm32f10x_rcc.o(.text)
    RCC_HSICmd                               0x08008cd3   Thumb Code     6  stm32f10x_rcc.o(.text)
    RCC_PLLConfig                            0x08008cd9   Thumb Code    24  stm32f10x_rcc.o(.text)
    RCC_PLLCmd                               0x08008cf1   Thumb Code     6  stm32f10x_rcc.o(.text)
    RCC_SYSCLKConfig                         0x08008cf7   Thumb Code    18  stm32f10x_rcc.o(.text)
    RCC_GetSYSCLKSource                      0x08008d09   Thumb Code    10  stm32f10x_rcc.o(.text)
    RCC_HCLKConfig                           0x08008d13   Thumb Code    18  stm32f10x_rcc.o(.text)
    RCC_PCLK1Config                          0x08008d25   Thumb Code    18  stm32f10x_rcc.o(.text)
    RCC_PCLK2Config                          0x08008d37   Thumb Code    20  stm32f10x_rcc.o(.text)
    RCC_ITConfig                             0x08008d4b   Thumb Code    26  stm32f10x_rcc.o(.text)
    RCC_USBCLKConfig                         0x08008d65   Thumb Code     8  stm32f10x_rcc.o(.text)
    RCC_ADCCLKConfig                         0x08008d6d   Thumb Code    18  stm32f10x_rcc.o(.text)
    RCC_LSEConfig                            0x08008d7f   Thumb Code    50  stm32f10x_rcc.o(.text)
    RCC_LSICmd                               0x08008db1   Thumb Code     6  stm32f10x_rcc.o(.text)
    RCC_RTCCLKConfig                         0x08008db7   Thumb Code    12  stm32f10x_rcc.o(.text)
    RCC_RTCCLKCmd                            0x08008dc3   Thumb Code     8  stm32f10x_rcc.o(.text)
    RCC_GetClocksFreq                        0x08008dcb   Thumb Code   192  stm32f10x_rcc.o(.text)
    RCC_AHBPeriphClockCmd                    0x08008e8b   Thumb Code    26  stm32f10x_rcc.o(.text)
    RCC_APB2PeriphClockCmd                   0x08008ea5   Thumb Code    26  stm32f10x_rcc.o(.text)
    RCC_APB1PeriphClockCmd                   0x08008ebf   Thumb Code    26  stm32f10x_rcc.o(.text)
    RCC_APB2PeriphResetCmd                   0x08008ed9   Thumb Code    26  stm32f10x_rcc.o(.text)
    RCC_APB1PeriphResetCmd                   0x08008ef3   Thumb Code    26  stm32f10x_rcc.o(.text)
    RCC_BackupResetCmd                       0x08008f0d   Thumb Code     8  stm32f10x_rcc.o(.text)
    RCC_ClockSecuritySystemCmd               0x08008f15   Thumb Code     6  stm32f10x_rcc.o(.text)
    RCC_MCOConfig                            0x08008f1b   Thumb Code     6  stm32f10x_rcc.o(.text)
    RCC_ClearFlag                            0x08008f21   Thumb Code    14  stm32f10x_rcc.o(.text)
    RCC_GetITStatus                          0x08008f2f   Thumb Code    20  stm32f10x_rcc.o(.text)
    RCC_ClearITPendingBit                    0x08008f43   Thumb Code     6  stm32f10x_rcc.o(.text)
    USART_DeInit                             0x08008f6d   Thumb Code   134  stm32f10x_usart.o(.text)
    USART_Init                               0x08008ff3   Thumb Code   210  stm32f10x_usart.o(.text)
    USART_StructInit                         0x080090c5   Thumb Code    24  stm32f10x_usart.o(.text)
    USART_ClockInit                          0x080090dd   Thumb Code    34  stm32f10x_usart.o(.text)
    USART_ClockStructInit                    0x080090ff   Thumb Code    12  stm32f10x_usart.o(.text)
    USART_Cmd                                0x0800910b   Thumb Code    24  stm32f10x_usart.o(.text)
    USART_ITConfig                           0x08009123   Thumb Code    74  stm32f10x_usart.o(.text)
    USART_DMACmd                             0x0800916d   Thumb Code    18  stm32f10x_usart.o(.text)
    USART_SetAddress                         0x0800917f   Thumb Code    18  stm32f10x_usart.o(.text)
    USART_WakeUpConfig                       0x08009191   Thumb Code    18  stm32f10x_usart.o(.text)
    USART_ReceiverWakeUpCmd                  0x080091a3   Thumb Code    24  stm32f10x_usart.o(.text)
    USART_LINBreakDetectLengthConfig         0x080091bb   Thumb Code    18  stm32f10x_usart.o(.text)
    USART_LINCmd                             0x080091cd   Thumb Code    24  stm32f10x_usart.o(.text)
    USART_SendData                           0x080091e5   Thumb Code     8  stm32f10x_usart.o(.text)
    USART_ReceiveData                        0x080091ed   Thumb Code    10  stm32f10x_usart.o(.text)
    USART_SendBreak                          0x080091f7   Thumb Code    10  stm32f10x_usart.o(.text)
    USART_SetGuardTime                       0x08009201   Thumb Code    16  stm32f10x_usart.o(.text)
    USART_SetPrescaler                       0x08009211   Thumb Code    16  stm32f10x_usart.o(.text)
    USART_SmartCardCmd                       0x08009221   Thumb Code    24  stm32f10x_usart.o(.text)
    USART_SmartCardNACKCmd                   0x08009239   Thumb Code    24  stm32f10x_usart.o(.text)
    USART_HalfDuplexCmd                      0x08009251   Thumb Code    24  stm32f10x_usart.o(.text)
    USART_OverSampling8Cmd                   0x08009269   Thumb Code    22  stm32f10x_usart.o(.text)
    USART_OneBitMethodCmd                    0x0800927f   Thumb Code    24  stm32f10x_usart.o(.text)
    USART_IrDAConfig                         0x08009297   Thumb Code    18  stm32f10x_usart.o(.text)
    USART_IrDACmd                            0x080092a9   Thumb Code    24  stm32f10x_usart.o(.text)
    USART_GetFlagStatus                      0x080092c1   Thumb Code    26  stm32f10x_usart.o(.text)
    USART_ClearFlag                          0x080092db   Thumb Code    18  stm32f10x_usart.o(.text)
    USART_GetITStatus                        0x080092ed   Thumb Code    84  stm32f10x_usart.o(.text)
    USART_ClearITPendingBit                  0x08009341   Thumb Code    52  stm32f10x_usart.o(.text)
    ADC_DeInit                               0x08009375   Thumb Code    78  stm32f10x_adc.o(.text)
    ADC_Init                                 0x080093c3   Thumb Code    70  stm32f10x_adc.o(.text)
    ADC_StructInit                           0x08009409   Thumb Code    18  stm32f10x_adc.o(.text)
    ADC_Cmd                                  0x0800941b   Thumb Code    22  stm32f10x_adc.o(.text)
    ADC_DMACmd                               0x08009431   Thumb Code    22  stm32f10x_adc.o(.text)
    ADC_ITConfig                             0x08009447   Thumb Code    24  stm32f10x_adc.o(.text)
    ADC_ResetCalibration                     0x0800945f   Thumb Code    10  stm32f10x_adc.o(.text)
    ADC_GetResetCalibrationStatus            0x08009469   Thumb Code    20  stm32f10x_adc.o(.text)
    ADC_StartCalibration                     0x0800947d   Thumb Code    10  stm32f10x_adc.o(.text)
    ADC_GetCalibrationStatus                 0x08009487   Thumb Code    20  stm32f10x_adc.o(.text)
    ADC_SoftwareStartConvCmd                 0x0800949b   Thumb Code    22  stm32f10x_adc.o(.text)
    ADC_GetSoftwareStartConvStatus           0x080094b1   Thumb Code    20  stm32f10x_adc.o(.text)
    ADC_DiscModeChannelCountConfig           0x080094c5   Thumb Code    24  stm32f10x_adc.o(.text)
    ADC_DiscModeCmd                          0x080094dd   Thumb Code    22  stm32f10x_adc.o(.text)
    ADC_RegularChannelConfig                 0x080094f3   Thumb Code   184  stm32f10x_adc.o(.text)
    ADC_ExternalTrigConvCmd                  0x080095ab   Thumb Code    22  stm32f10x_adc.o(.text)
    ADC_GetConversionValue                   0x080095c1   Thumb Code     8  stm32f10x_adc.o(.text)
    ADC_GetDualModeConversionValue           0x080095c9   Thumb Code     8  stm32f10x_adc.o(.text)
    ADC_AutoInjectedConvCmd                  0x080095d1   Thumb Code    22  stm32f10x_adc.o(.text)
    ADC_InjectedDiscModeCmd                  0x080095e7   Thumb Code    22  stm32f10x_adc.o(.text)
    ADC_ExternalTrigInjectedConvConfig       0x080095fd   Thumb Code    16  stm32f10x_adc.o(.text)
    ADC_ExternalTrigInjectedConvCmd          0x0800960d   Thumb Code    22  stm32f10x_adc.o(.text)
    ADC_SoftwareStartInjectedConvCmd         0x08009623   Thumb Code    22  stm32f10x_adc.o(.text)
    ADC_GetSoftwareStartInjectedConvCmdStatus 0x08009639   Thumb Code    20  stm32f10x_adc.o(.text)
    ADC_InjectedChannelConfig                0x0800964d   Thumb Code   130  stm32f10x_adc.o(.text)
    ADC_InjectedSequencerLengthConfig        0x080096cf   Thumb Code    24  stm32f10x_adc.o(.text)
    ADC_SetInjectedOffset                    0x080096e7   Thumb Code    20  stm32f10x_adc.o(.text)
    ADC_GetInjectedConversionValue           0x080096fb   Thumb Code    28  stm32f10x_adc.o(.text)
    ADC_AnalogWatchdogCmd                    0x08009717   Thumb Code    16  stm32f10x_adc.o(.text)
    ADC_AnalogWatchdogThresholdsConfig       0x08009727   Thumb Code     6  stm32f10x_adc.o(.text)
    ADC_AnalogWatchdogSingleChannelConfig    0x0800972d   Thumb Code    16  stm32f10x_adc.o(.text)
    ADC_TempSensorVrefintCmd                 0x0800973d   Thumb Code    64  stm32f10x_adc.o(.text)
    ADC_GetFlagStatus                        0x0800977d   Thumb Code    18  stm32f10x_adc.o(.text)
    ADC_ClearFlag                            0x0800978f   Thumb Code     6  stm32f10x_adc.o(.text)
    ADC_GetITStatus                          0x08009795   Thumb Code    36  stm32f10x_adc.o(.text)
    ADC_ClearITPendingBit                    0x080097b9   Thumb Code    10  stm32f10x_adc.o(.text)
    TIM_DeInit                               0x080097c5   Thumb Code   424  stm32f10x_tim.o(.text)
    TIM_TimeBaseInit                         0x0800996d   Thumb Code   122  stm32f10x_tim.o(.text)
    TIM_OC1Init                              0x080099e7   Thumb Code   132  stm32f10x_tim.o(.text)
    TIM_OC2Init                              0x08009a6b   Thumb Code   154  stm32f10x_tim.o(.text)
    TIM_OC3Init                              0x08009b05   Thumb Code   150  stm32f10x_tim.o(.text)
    TIM_OC4Init                              0x08009b9b   Thumb Code   182  stm32f10x_tim.o(.text)
    TIM_SetIC4Prescaler                      0x08009c51   Thumb Code    26  stm32f10x_tim.o(.text)
    TIM_SetIC3Prescaler                      0x08009ced   Thumb Code    18  stm32f10x_tim.o(.text)
    TIM_SetIC2Prescaler                      0x08009d79   Thumb Code    26  stm32f10x_tim.o(.text)
    TIM_SetIC1Prescaler                      0x08009e15   Thumb Code    18  stm32f10x_tim.o(.text)
    TIM_ICInit                               0x08009e93   Thumb Code   150  stm32f10x_tim.o(.text)
    TIM_PWMIConfig                           0x08009f29   Thumb Code   124  stm32f10x_tim.o(.text)
    TIM_BDTRConfig                           0x08009fa5   Thumb Code    32  stm32f10x_tim.o(.text)
    TIM_TimeBaseStructInit                   0x08009fc5   Thumb Code    18  stm32f10x_tim.o(.text)
    TIM_OCStructInit                         0x08009fd7   Thumb Code    20  stm32f10x_tim.o(.text)
    TIM_ICStructInit                         0x08009feb   Thumb Code    18  stm32f10x_tim.o(.text)
    TIM_BDTRStructInit                       0x08009ffd   Thumb Code    40  stm32f10x_tim.o(.text)
    TIM_Cmd                                  0x0800a025   Thumb Code    24  stm32f10x_tim.o(.text)
    TIM_CtrlPWMOutputs                       0x0800a03d   Thumb Code    30  stm32f10x_tim.o(.text)
    TIM_ITConfig                             0x0800a05b   Thumb Code    18  stm32f10x_tim.o(.text)
    TIM_GenerateEvent                        0x0800a06d   Thumb Code     4  stm32f10x_tim.o(.text)
    TIM_DMAConfig                            0x0800a071   Thumb Code    10  stm32f10x_tim.o(.text)
    TIM_DMACmd                               0x0800a07b   Thumb Code    18  stm32f10x_tim.o(.text)
    TIM_InternalClockConfig                  0x0800a08d   Thumb Code    12  stm32f10x_tim.o(.text)
    TIM_SelectInputTrigger                   0x0800a099   Thumb Code    18  stm32f10x_tim.o(.text)
    TIM_ITRxExternalClockConfig              0x0800a0ab   Thumb Code    24  stm32f10x_tim.o(.text)
    TIM_TIxExternalClockConfig               0x0800a0c3   Thumb Code    62  stm32f10x_tim.o(.text)
    TIM_ETRConfig                            0x0800a101   Thumb Code    28  stm32f10x_tim.o(.text)
    TIM_ETRClockMode1Config                  0x0800a11d   Thumb Code    54  stm32f10x_tim.o(.text)
    TIM_ETRClockMode2Config                  0x0800a153   Thumb Code    32  stm32f10x_tim.o(.text)
    TIM_PrescalerConfig                      0x0800a173   Thumb Code     6  stm32f10x_tim.o(.text)
    TIM_CounterModeConfig                    0x0800a179   Thumb Code    18  stm32f10x_tim.o(.text)
    TIM_EncoderInterfaceConfig               0x0800a18b   Thumb Code    66  stm32f10x_tim.o(.text)
    TIM_ForcedOC1Config                      0x0800a1cd   Thumb Code    18  stm32f10x_tim.o(.text)
    TIM_ForcedOC2Config                      0x0800a1df   Thumb Code    26  stm32f10x_tim.o(.text)
    TIM_ForcedOC3Config                      0x0800a1f9   Thumb Code    18  stm32f10x_tim.o(.text)
    TIM_ForcedOC4Config                      0x0800a20b   Thumb Code    26  stm32f10x_tim.o(.text)
    TIM_ARRPreloadConfig                     0x0800a225   Thumb Code    24  stm32f10x_tim.o(.text)
    TIM_SelectCOM                            0x0800a23d   Thumb Code    24  stm32f10x_tim.o(.text)
    TIM_SelectCCDMA                          0x0800a255   Thumb Code    24  stm32f10x_tim.o(.text)
    TIM_CCPreloadControl                     0x0800a26d   Thumb Code    24  stm32f10x_tim.o(.text)
    TIM_OC1PreloadConfig                     0x0800a285   Thumb Code    18  stm32f10x_tim.o(.text)
    TIM_OC2PreloadConfig                     0x0800a297   Thumb Code    26  stm32f10x_tim.o(.text)
    TIM_OC3PreloadConfig                     0x0800a2b1   Thumb Code    18  stm32f10x_tim.o(.text)
    TIM_OC4PreloadConfig                     0x0800a2c3   Thumb Code    26  stm32f10x_tim.o(.text)
    TIM_OC1FastConfig                        0x0800a2dd   Thumb Code    18  stm32f10x_tim.o(.text)
    TIM_OC2FastConfig                        0x0800a2ef   Thumb Code    26  stm32f10x_tim.o(.text)
    TIM_OC3FastConfig                        0x0800a309   Thumb Code    18  stm32f10x_tim.o(.text)
    TIM_OC4FastConfig                        0x0800a31b   Thumb Code    26  stm32f10x_tim.o(.text)
    TIM_ClearOC1Ref                          0x0800a335   Thumb Code    18  stm32f10x_tim.o(.text)
    TIM_ClearOC2Ref                          0x0800a347   Thumb Code    24  stm32f10x_tim.o(.text)
    TIM_ClearOC3Ref                          0x0800a35f   Thumb Code    18  stm32f10x_tim.o(.text)
    TIM_ClearOC4Ref                          0x0800a371   Thumb Code    24  stm32f10x_tim.o(.text)
    TIM_OC1PolarityConfig                    0x0800a389   Thumb Code    18  stm32f10x_tim.o(.text)
    TIM_OC1NPolarityConfig                   0x0800a39b   Thumb Code    18  stm32f10x_tim.o(.text)
    TIM_OC2PolarityConfig                    0x0800a3ad   Thumb Code    26  stm32f10x_tim.o(.text)
    TIM_OC2NPolarityConfig                   0x0800a3c7   Thumb Code    26  stm32f10x_tim.o(.text)
    TIM_OC3PolarityConfig                    0x0800a3e1   Thumb Code    26  stm32f10x_tim.o(.text)
    TIM_OC3NPolarityConfig                   0x0800a3fb   Thumb Code    26  stm32f10x_tim.o(.text)
    TIM_OC4PolarityConfig                    0x0800a415   Thumb Code    26  stm32f10x_tim.o(.text)
    TIM_CCxCmd                               0x0800a42f   Thumb Code    30  stm32f10x_tim.o(.text)
    TIM_CCxNCmd                              0x0800a44d   Thumb Code    30  stm32f10x_tim.o(.text)
    TIM_SelectOCxM                           0x0800a46b   Thumb Code    82  stm32f10x_tim.o(.text)
    TIM_UpdateDisableConfig                  0x0800a4bd   Thumb Code    24  stm32f10x_tim.o(.text)
    TIM_UpdateRequestConfig                  0x0800a4d5   Thumb Code    24  stm32f10x_tim.o(.text)
    TIM_SelectHallSensor                     0x0800a4ed   Thumb Code    24  stm32f10x_tim.o(.text)
    TIM_SelectOnePulseMode                   0x0800a505   Thumb Code    18  stm32f10x_tim.o(.text)
    TIM_SelectOutputTrigger                  0x0800a517   Thumb Code    18  stm32f10x_tim.o(.text)
    TIM_SelectSlaveMode                      0x0800a529   Thumb Code    18  stm32f10x_tim.o(.text)
    TIM_SelectMasterSlaveMode                0x0800a53b   Thumb Code    18  stm32f10x_tim.o(.text)
    TIM_SetCounter                           0x0800a54d   Thumb Code     4  stm32f10x_tim.o(.text)
    TIM_SetAutoreload                        0x0800a551   Thumb Code     4  stm32f10x_tim.o(.text)
    TIM_SetCompare1                          0x0800a555   Thumb Code     4  stm32f10x_tim.o(.text)
    TIM_SetCompare2                          0x0800a559   Thumb Code     4  stm32f10x_tim.o(.text)
    TIM_SetCompare3                          0x0800a55d   Thumb Code     4  stm32f10x_tim.o(.text)
    TIM_SetCompare4                          0x0800a561   Thumb Code     6  stm32f10x_tim.o(.text)
    TIM_SetClockDivision                     0x0800a567   Thumb Code    18  stm32f10x_tim.o(.text)
    TIM_GetCapture1                          0x0800a579   Thumb Code     6  stm32f10x_tim.o(.text)
    TIM_GetCapture2                          0x0800a57f   Thumb Code     6  stm32f10x_tim.o(.text)
    TIM_GetCapture3                          0x0800a585   Thumb Code     6  stm32f10x_tim.o(.text)
    TIM_GetCapture4                          0x0800a58b   Thumb Code     8  stm32f10x_tim.o(.text)
    TIM_GetCounter                           0x0800a593   Thumb Code     6  stm32f10x_tim.o(.text)
    TIM_GetPrescaler                         0x0800a599   Thumb Code     6  stm32f10x_tim.o(.text)
    TIM_GetFlagStatus                        0x0800a59f   Thumb Code    18  stm32f10x_tim.o(.text)
    TIM_ClearFlag                            0x0800a5b1   Thumb Code     6  stm32f10x_tim.o(.text)
    TIM_GetITStatus                          0x0800a5b7   Thumb Code    34  stm32f10x_tim.o(.text)
    TIM_ClearITPendingBit                    0x0800a5d9   Thumb Code     6  stm32f10x_tim.o(.text)
    __use_no_semihosting                     0x0800a5df   Thumb Code     2  use_no_semi_2.o(.text)
    __c89vsprintf                            0x0800a5e1   Thumb Code    32  c89vsprintf.o(.text)
    __2printf                                0x0800a605   Thumb Code    20  __2printf.o(.text)
    _printf_longlong_hex                     0x0800a61d   Thumb Code    86  _printf_hex_int_ll_ptr.o(.text)
    _printf_int_hex                          0x0800a673   Thumb Code    28  _printf_hex_int_ll_ptr.o(.text)
    _printf_ll_hex                           0x0800a68f   Thumb Code    12  _printf_hex_int_ll_ptr.o(.text)
    _printf_hex_ptr                          0x0800a69b   Thumb Code    18  _printf_hex_int_ll_ptr.o(.text)
    __printf                                 0x0800a6b1   Thumb Code   388  __printf_flags_ss_wp.o(.text)
    strcmp                                   0x0800a839   Thumb Code   128  strcmpv7m.o(.text)
    __use_two_region_memory                  0x0800a8b9   Thumb Code     2  heapauxi.o(.text)
    __rt_heap_escrow$2region                 0x0800a8bb   Thumb Code     2  heapauxi.o(.text)
    __rt_heap_expand$2region                 0x0800a8bd   Thumb Code     2  heapauxi.o(.text)
    __I$use$semihosting                      0x0800a8bf   Thumb Code     0  use_no_semi.o(.text)
    __use_no_semihosting_swi                 0x0800a8bf   Thumb Code     2  use_no_semi.o(.text)
    __read_errno                             0x0800a8c1   Thumb Code    10  _rserrno.o(.text)
    __set_errno                              0x0800a8cb   Thumb Code    12  _rserrno.o(.text)
    _printf_pre_padding                      0x0800a8d7   Thumb Code    44  _printf_pad.o(.text)
    _printf_post_padding                     0x0800a903   Thumb Code    34  _printf_pad.o(.text)
    _printf_truncate_signed                  0x0800a925   Thumb Code    18  _printf_truncate.o(.text)
    _printf_truncate_unsigned                0x0800a937   Thumb Code    18  _printf_truncate.o(.text)
    _printf_str                              0x0800a949   Thumb Code    82  _printf_str.o(.text)
    _printf_int_common                       0x0800a99b   Thumb Code   178  _printf_intcommon.o(.text)
    _printf_int_dec                          0x0800aa4d   Thumb Code   104  _printf_dec.o(.text)
    _printf_charcount                        0x0800aac5   Thumb Code    40  _printf_charcount.o(.text)
    _printf_char_common                      0x0800aaf7   Thumb Code    32  _printf_char_common.o(.text)
    _sputc                                   0x0800ab1d   Thumb Code    10  _sputc.o(.text)
    _printf_char_file                        0x0800ab29   Thumb Code    32  _printf_char_file.o(.text)
    _printf_wctomb                           0x0800ab4d   Thumb Code   182  _printf_wctomb.o(.text)
    _printf_longlong_dec                     0x0800ac09   Thumb Code   108  _printf_longlong_dec.o(.text)
    _printf_longlong_oct                     0x0800ac85   Thumb Code    68  _printf_oct_int_ll.o(.text)
    _printf_int_oct                          0x0800acc9   Thumb Code    24  _printf_oct_int_ll.o(.text)
    _printf_ll_oct                           0x0800ace1   Thumb Code    12  _printf_oct_int_ll.o(.text)
    __aeabi_errno_addr                       0x0800acf5   Thumb Code     8  rt_errno_addr_intlibspace.o(.text)
    __errno$intlibspace                      0x0800acf5   Thumb Code     0  rt_errno_addr_intlibspace.o(.text)
    __rt_errno_addr$intlibspace              0x0800acf5   Thumb Code     0  rt_errno_addr_intlibspace.o(.text)
    _ll_udiv10                               0x0800acfd   Thumb Code   138  lludiv10.o(.text)
    __lib_sel_fp_printf                      0x0800ad87   Thumb Code     2  _printf_fp_dec.o(.text)
    _printf_fp_dec_real                      0x0800af35   Thumb Code   620  _printf_fp_dec.o(.text)
    _printf_cs_common                        0x0800b1a1   Thumb Code    20  _printf_char.o(.text)
    _printf_char                             0x0800b1b5   Thumb Code    16  _printf_char.o(.text)
    _printf_string                           0x0800b1c5   Thumb Code     8  _printf_char.o(.text)
    _printf_lcs_common                       0x0800b1cd   Thumb Code    20  _printf_wchar.o(.text)
    _printf_wchar                            0x0800b1e1   Thumb Code    16  _printf_wchar.o(.text)
    _printf_wstring                          0x0800b1f1   Thumb Code     8  _printf_wchar.o(.text)
    ferror                                   0x0800b1f9   Thumb Code     8  ferror.o(.text)
    _wcrtomb                                 0x0800b201   Thumb Code    64  _wcrtomb.o(.text)
    __user_libspace                          0x0800b241   Thumb Code     8  libspace.o(.text)
    __user_perproc_libspace                  0x0800b241   Thumb Code     0  libspace.o(.text)
    __user_perthread_libspace                0x0800b241   Thumb Code     0  libspace.o(.text)
    __user_setup_stackheap                   0x0800b249   Thumb Code    74  sys_stackheap_outer.o(.text)
    __rt_ctype_table                         0x0800b295   Thumb Code    16  rt_ctype_table.o(.text)
    __rt_locale                              0x0800b2a5   Thumb Code     8  rt_locale_intlibspace.o(.text)
    _printf_fp_infnan                        0x0800b2ad   Thumb Code   112  _printf_fp_infnan.o(.text)
    _btod_etento                             0x0800b32d   Thumb Code   216  bigflt0.o(.text)
    exit                                     0x0800b409   Thumb Code    12  exit.o(.text)
    _btod_d2e                                0x0800b415   Thumb Code    62  btod.o(CL$$btod_d2e)
    _d2e_denorm_low                          0x0800b453   Thumb Code    70  btod.o(CL$$btod_d2e_denorm_low)
    _d2e_norm_op1                            0x0800b499   Thumb Code    96  btod.o(CL$$btod_d2e_norm_op1)
    __btod_div_common                        0x0800b4f9   Thumb Code   696  btod.o(CL$$btod_div_common)
    _e2e                                     0x0800b831   Thumb Code   198  btod.o(CL$$btod_e2e)
    _btod_ediv                               0x0800b8f7   Thumb Code    40  btod.o(CL$$btod_ediv)
    _btod_emul                               0x0800b91f   Thumb Code    40  btod.o(CL$$btod_emul)
    __btod_mult_common                       0x0800b947   Thumb Code   580  btod.o(CL$$btod_mult_common)
    __ARM_fpclassify                         0x0800bb8b   Thumb Code    40  fpclassify.o(i.__ARM_fpclassify)
    _is_digit                                0x0800bbb3   Thumb Code    14  __printf_wp.o(i._is_digit)
    sqrt                                     0x0800bbc1   Thumb Code    76  sqrt.o(i.sqrt)
    _get_lc_numeric                          0x0800bc0d   Thumb Code    44  lc_numeric_c.o(locale$$code)
    _get_lc_ctype                            0x0800bc39   Thumb Code    44  lc_ctype_c.o(locale$$code)
    __aeabi_d2f                              0x0800bc65   Thumb Code     0  d2f.o(x$fpl$d2f)
    _d2f                                     0x0800bc65   Thumb Code    98  d2f.o(x$fpl$d2f)
    __aeabi_dadd                             0x0800bcc9   Thumb Code     0  daddsub_clz.o(x$fpl$dadd)
    _dadd                                    0x0800bcc9   Thumb Code   332  daddsub_clz.o(x$fpl$dadd)
    __fpl_dcmp_Inf                           0x0800be19   Thumb Code    24  dcmpi.o(x$fpl$dcmpinf)
    __aeabi_d2iz                             0x0800be31   Thumb Code     0  dfix.o(x$fpl$dfix)
    _dfix                                    0x0800be31   Thumb Code    94  dfix.o(x$fpl$dfix)
    __aeabi_d2uiz                            0x0800be91   Thumb Code     0  dfixu.o(x$fpl$dfixu)
    _dfixu                                   0x0800be91   Thumb Code    90  dfixu.o(x$fpl$dfixu)
    __aeabi_i2d                              0x0800beeb   Thumb Code     0  dflt_clz.o(x$fpl$dflt)
    _dflt                                    0x0800beeb   Thumb Code    46  dflt_clz.o(x$fpl$dflt)
    __aeabi_ui2d                             0x0800bf19   Thumb Code     0  dflt_clz.o(x$fpl$dfltu)
    _dfltu                                   0x0800bf19   Thumb Code    38  dflt_clz.o(x$fpl$dfltu)
    __aeabi_cdcmple                          0x0800bf41   Thumb Code     0  dleqf.o(x$fpl$dleqf)
    _dcmple                                  0x0800bf41   Thumb Code   120  dleqf.o(x$fpl$dleqf)
    __fpl_dcmple_InfNaN                      0x0800bfa3   Thumb Code     0  dleqf.o(x$fpl$dleqf)
    __aeabi_dmul                             0x0800bfb9   Thumb Code     0  dmul.o(x$fpl$dmul)
    _dmul                                    0x0800bfb9   Thumb Code   332  dmul.o(x$fpl$dmul)
    __fpl_dnaninf                            0x0800c10d   Thumb Code   156  dnaninf.o(x$fpl$dnaninf)
    __fpl_dretinf                            0x0800c1a9   Thumb Code    12  dretinf.o(x$fpl$dretinf)
    __aeabi_cdrcmple                         0x0800c1b5   Thumb Code     0  drleqf.o(x$fpl$drleqf)
    _drcmple                                 0x0800c1b5   Thumb Code   108  drleqf.o(x$fpl$drleqf)
    __aeabi_drsub                            0x0800c221   Thumb Code     0  daddsub_clz.o(x$fpl$drsb)
    _drsb                                    0x0800c221   Thumb Code    22  daddsub_clz.o(x$fpl$drsb)
    _dsqrt                                   0x0800c239   Thumb Code   456  dsqrt_noumaal.o(x$fpl$dsqrt)
    __aeabi_dsub                             0x0800c405   Thumb Code     0  daddsub_clz.o(x$fpl$dsub)
    _dsub                                    0x0800c405   Thumb Code   464  daddsub_clz.o(x$fpl$dsub)
    __aeabi_f2d                              0x0800c5d9   Thumb Code     0  f2d.o(x$fpl$f2d)
    _f2d                                     0x0800c5d9   Thumb Code    86  f2d.o(x$fpl$f2d)
    __aeabi_fadd                             0x0800c631   Thumb Code     0  faddsub_clz.o(x$fpl$fadd)
    _fadd                                    0x0800c631   Thumb Code   196  faddsub_clz.o(x$fpl$fadd)
    __aeabi_fdiv                             0x0800c6f5   Thumb Code     0  fdiv.o(x$fpl$fdiv)
    _fdiv                                    0x0800c6f5   Thumb Code   384  fdiv.o(x$fpl$fdiv)
    __aeabi_f2iz                             0x0800c879   Thumb Code     0  ffix.o(x$fpl$ffix)
    _ffix                                    0x0800c879   Thumb Code    54  ffix.o(x$fpl$ffix)
    __aeabi_f2uiz                            0x0800c8b1   Thumb Code     0  ffixu.o(x$fpl$ffixu)
    _ffixu                                   0x0800c8b1   Thumb Code    62  ffixu.o(x$fpl$ffixu)
    __aeabi_i2f                              0x0800c8f1   Thumb Code     0  fflt_clz.o(x$fpl$fflt)
    _fflt                                    0x0800c8f1   Thumb Code    48  fflt_clz.o(x$fpl$fflt)
    __aeabi_ui2f                             0x0800c921   Thumb Code     0  fflt_clz.o(x$fpl$ffltu)
    _ffltu                                   0x0800c921   Thumb Code    38  fflt_clz.o(x$fpl$ffltu)
    __aeabi_fmul                             0x0800c949   Thumb Code     0  fmul.o(x$fpl$fmul)
    _fmul                                    0x0800c949   Thumb Code   258  fmul.o(x$fpl$fmul)
    __fpl_fnaninf                            0x0800ca4b   Thumb Code   140  fnaninf.o(x$fpl$fnaninf)
    __fpl_fretinf                            0x0800cad7   Thumb Code    10  fretinf.o(x$fpl$fretinf)
    __aeabi_fsub                             0x0800cae1   Thumb Code     0  faddsub_clz.o(x$fpl$fsub)
    _fsub                                    0x0800cae1   Thumb Code   234  faddsub_clz.o(x$fpl$fsub)
    _printf_fp_dec                           0x0800cbcb   Thumb Code     4  printf1.o(x$fpl$printf1)
    __I$use$fp                               0x0800cbce   Number         0  usenofp.o(x$fpl$usenofp)
    asc2_1608                                0x0800cbce   Data        1520  lcd.o(.constdata)
    num128x128                               0x0800d1be   Data       12288  lcd.o(.constdata)
    Hz_128x128                               0x080101be   Data       18432  lcd.o(.constdata)
    Hz_96x48_maohao                          0x080149be   Data         576  lcd.o(.constdata)
    Hz_48x48                                 0x08014bfe   Data        2880  lcd.o(.constdata)
    Hz96x48                                  0x0801573e   Data        1152  lcd.o(.constdata)
    OTT_TPX_TBL                              0x08015bbe   Data          10  ott2001a.o(.constdata)
    GT9147_CFG_TBL                           0x08015bc8   Data         184  gt9147.o(.constdata)
    GT9147_TPX_TBL                           0x08015c80   Data          10  gt9147.o(.constdata)
    Region$$Table$$Base                      0x08015ddc   Number         0  anon$$obj.o(Region$$Table)
    Region$$Table$$Limit                     0x08015dfc   Number         0  anon$$obj.o(Region$$Table)
    __ctype                                  0x08015e25   Data           0  lc_ctype_c.o(locale$$data)
    sum                                      0x20000000   Data           4  main.o(.data)
    j                                        0x20000004   Data           1  main.o(.data)
    SystemCoreClock                          0x20000008   Data           4  system_stm32f10x.o(.data)
    AHBPrescTable                            0x2000000c   Data          16  system_stm32f10x.o(.data)
    POINT_COLOR                              0x2000001c   Data           2  lcd.o(.data)
    BACK_COLOR                               0x2000001e   Data           2  lcd.o(.data)
    tp_dev                                   0x20000024   Data          36  touch.o(.data)
    CMD_RDX                                  0x20000048   Data           1  touch.o(.data)
    CMD_RDY                                  0x20000049   Data           1  touch.o(.data)
    TP_REMIND_MSG_TBL                        0x2000004c   Data           4  touch.o(.data)
    count                                    0x20000054   Data           4  hwtimer.o(.data)
    value                                    0x20000058   Data           4  hwtimer.o(.data)
    valuelt                                  0x2000005c   Data           4  hwtimer.o(.data)
    flag1                                    0x20000060   Data           1  hwtimer.o(.data)
    num                                      0x20000064   Data           4  hwtimer.o(.data)
    flag                                     0x20000068   Data           1  hwtimer.o(.data)
    daotong1                                 0x20000069   Data           1  hwtimer.o(.data)
    daotong2                                 0x2000006a   Data           1  hwtimer.o(.data)
    daoda1s                                  0x2000006b   Data           1  hwtimer.o(.data)
    daotongdaotong                           0x2000006c   Data           1  hwtimer.o(.data)
    showf                                    0x2000006d   Data           1  hwtimer.o(.data)
    kaishi                                   0x2000006e   Data           1  hwtimer.o(.data)
    kaishi1                                  0x2000006f   Data           1  hwtimer.o(.data)
    __stdout                                 0x20000074   Data           4  usart.o(.data)
    USART_RX_STA                             0x20000078   Data           2  usart.o(.data)
    lcddev                                   0x20000090   Data          14  lcd.o(.bss)
    value0                                   0x200000a0   Data         160  hwtimer.o(.bss)
    value1                                   0x20000140   Data          12  hwtimer.o(.bss)
    USART_RX_BUF                             0x2000014c   Data         200  usart.o(.bss)
    __libspace_start                         0x20000214   Data          96  libspace.o(.bss)
    __temporary_stack_top$libspace           0x20000274   Data           0  libspace.o(.bss)



==============================================================================

Memory Map of the image

  Image Entry point : 0x08000131

  Load Region LR_IROM1 (Base: 0x08000000, Size: 0x00015fb8, Max: 0x00080000, ABSOLUTE)

    Execution Region ER_IROM1 (Base: 0x08000000, Size: 0x00015f28, Max: 0x00080000, ABSOLUTE)

    Base Addr    Size         Type   Attr      Idx    E Section Name        Object

    0x08000000   0x00000130   Data   RO          507    RESET               startup_stm32f10x_hd.o
    0x08000130   0x00000008   Code   RO          669  * !!!main             c_w.l(__main.o)
    0x08000138   0x00000034   Code   RO         1020    !!!scatter          c_w.l(__scatter.o)
    0x0800016c   0x0000001a   Code   RO         1022    !!handler_copy      c_w.l(__scatter_copy.o)
    0x08000186   0x00000002   PAD
    0x08000188   0x0000001c   Code   RO         1024    !!handler_zi        c_w.l(__scatter_zi.o)
    0x080001a4   0x00000000   Code   RO          664    .ARM.Collect$$_printf_percent$$00000000  c_w.l(_printf_percent.o)
    0x080001a4   0x00000006   Code   RO          771    .ARM.Collect$$_printf_percent$$00000001  c_w.l(_printf_n.o)
    0x080001aa   0x00000006   Code   RO          772    .ARM.Collect$$_printf_percent$$00000002  c_w.l(_printf_p.o)
    0x080001b0   0x00000006   Code   RO          777    .ARM.Collect$$_printf_percent$$00000003  c_w.l(_printf_f.o)
    0x080001b6   0x00000006   Code   RO          778    .ARM.Collect$$_printf_percent$$00000004  c_w.l(_printf_e.o)
    0x080001bc   0x00000006   Code   RO          779    .ARM.Collect$$_printf_percent$$00000005  c_w.l(_printf_g.o)
    0x080001c2   0x00000006   Code   RO          780    .ARM.Collect$$_printf_percent$$00000006  c_w.l(_printf_a.o)
    0x080001c8   0x0000000a   Code   RO          785    .ARM.Collect$$_printf_percent$$00000007  c_w.l(_printf_ll.o)
    0x080001d2   0x00000006   Code   RO          774    .ARM.Collect$$_printf_percent$$00000008  c_w.l(_printf_i.o)
    0x080001d8   0x00000006   Code   RO          775    .ARM.Collect$$_printf_percent$$00000009  c_w.l(_printf_d.o)
    0x080001de   0x00000006   Code   RO          776    .ARM.Collect$$_printf_percent$$0000000A  c_w.l(_printf_u.o)
    0x080001e4   0x00000006   Code   RO          773    .ARM.Collect$$_printf_percent$$0000000B  c_w.l(_printf_o.o)
    0x080001ea   0x00000006   Code   RO          663    .ARM.Collect$$_printf_percent$$0000000C  c_w.l(_printf_x.o)
    0x080001f0   0x00000006   Code   RO          782    .ARM.Collect$$_printf_percent$$0000000D  c_w.l(_printf_lli.o)
    0x080001f6   0x00000006   Code   RO          783    .ARM.Collect$$_printf_percent$$0000000E  c_w.l(_printf_lld.o)
    0x080001fc   0x00000006   Code   RO          784    .ARM.Collect$$_printf_percent$$0000000F  c_w.l(_printf_llu.o)
    0x08000202   0x00000006   Code   RO          789    .ARM.Collect$$_printf_percent$$00000010  c_w.l(_printf_llo.o)
    0x08000208   0x00000006   Code   RO          790    .ARM.Collect$$_printf_percent$$00000011  c_w.l(_printf_llx.o)
    0x0800020e   0x0000000a   Code   RO          786    .ARM.Collect$$_printf_percent$$00000012  c_w.l(_printf_l.o)
    0x08000218   0x00000006   Code   RO          769    .ARM.Collect$$_printf_percent$$00000013  c_w.l(_printf_c.o)
    0x0800021e   0x00000006   Code   RO          770    .ARM.Collect$$_printf_percent$$00000014  c_w.l(_printf_s.o)
    0x08000224   0x00000006   Code   RO          787    .ARM.Collect$$_printf_percent$$00000015  c_w.l(_printf_lc.o)
    0x0800022a   0x00000006   Code   RO          788    .ARM.Collect$$_printf_percent$$00000016  c_w.l(_printf_ls.o)
    0x08000230   0x00000004   Code   RO          781    .ARM.Collect$$_printf_percent$$00000017  c_w.l(_printf_percent_end.o)
    0x08000234   0x00000002   Code   RO          891    .ARM.Collect$$libinit$$00000000  c_w.l(libinit.o)
    0x08000236   0x00000000   Code   RO          902    .ARM.Collect$$libinit$$00000002  c_w.l(libinit2.o)
    0x08000236   0x00000000   Code   RO          904    .ARM.Collect$$libinit$$00000004  c_w.l(libinit2.o)
    0x08000236   0x00000000   Code   RO          907    .ARM.Collect$$libinit$$0000000A  c_w.l(libinit2.o)
    0x08000236   0x00000000   Code   RO          909    .ARM.Collect$$libinit$$0000000C  c_w.l(libinit2.o)
    0x08000236   0x00000000   Code   RO          911    .ARM.Collect$$libinit$$0000000E  c_w.l(libinit2.o)
    0x08000236   0x00000006   Code   RO          912    .ARM.Collect$$libinit$$0000000F  c_w.l(libinit2.o)
    0x0800023c   0x00000000   Code   RO          914    .ARM.Collect$$libinit$$00000011  c_w.l(libinit2.o)
    0x0800023c   0x0000000c   Code   RO          915    .ARM.Collect$$libinit$$00000012  c_w.l(libinit2.o)
    0x08000248   0x00000000   Code   RO          916    .ARM.Collect$$libinit$$00000013  c_w.l(libinit2.o)
    0x08000248   0x00000000   Code   RO          918    .ARM.Collect$$libinit$$00000015  c_w.l(libinit2.o)
    0x08000248   0x0000000a   Code   RO          919    .ARM.Collect$$libinit$$00000016  c_w.l(libinit2.o)
    0x08000252   0x00000000   Code   RO          920    .ARM.Collect$$libinit$$00000017  c_w.l(libinit2.o)
    0x08000252   0x00000000   Code   RO          922    .ARM.Collect$$libinit$$00000019  c_w.l(libinit2.o)
    0x08000252   0x00000000   Code   RO          924    .ARM.Collect$$libinit$$0000001B  c_w.l(libinit2.o)
    0x08000252   0x00000000   Code   RO          926    .ARM.Collect$$libinit$$0000001D  c_w.l(libinit2.o)
    0x08000252   0x00000000   Code   RO          928    .ARM.Collect$$libinit$$0000001F  c_w.l(libinit2.o)
    0x08000252   0x00000000   Code   RO          930    .ARM.Collect$$libinit$$00000021  c_w.l(libinit2.o)
    0x08000252   0x00000000   Code   RO          932    .ARM.Collect$$libinit$$00000023  c_w.l(libinit2.o)
    0x08000252   0x00000000   Code   RO          934    .ARM.Collect$$libinit$$00000025  c_w.l(libinit2.o)
    0x08000252   0x00000000   Code   RO          938    .ARM.Collect$$libinit$$0000002C  c_w.l(libinit2.o)
    0x08000252   0x00000000   Code   RO          940    .ARM.Collect$$libinit$$0000002E  c_w.l(libinit2.o)
    0x08000252   0x00000000   Code   RO          942    .ARM.Collect$$libinit$$00000030  c_w.l(libinit2.o)
    0x08000252   0x00000000   Code   RO          944    .ARM.Collect$$libinit$$00000032  c_w.l(libinit2.o)
    0x08000252   0x00000002   Code   RO          945    .ARM.Collect$$libinit$$00000033  c_w.l(libinit2.o)
    0x08000254   0x00000002   Code   RO          963    .ARM.Collect$$libshutdown$$00000000  c_w.l(libshutdown.o)
    0x08000256   0x00000000   Code   RO          974    .ARM.Collect$$libshutdown$$00000003  c_w.l(libshutdown2.o)
    0x08000256   0x00000000   Code   RO          977    .ARM.Collect$$libshutdown$$00000006  c_w.l(libshutdown2.o)
    0x08000256   0x00000000   Code   RO          980    .ARM.Collect$$libshutdown$$00000009  c_w.l(libshutdown2.o)
    0x08000256   0x00000000   Code   RO          982    .ARM.Collect$$libshutdown$$0000000B  c_w.l(libshutdown2.o)
    0x08000256   0x00000000   Code   RO          985    .ARM.Collect$$libshutdown$$0000000E  c_w.l(libshutdown2.o)
    0x08000256   0x00000002   Code   RO          986    .ARM.Collect$$libshutdown$$0000000F  c_w.l(libshutdown2.o)
    0x08000258   0x00000000   Code   RO          737    .ARM.Collect$$rtentry$$00000000  c_w.l(__rtentry.o)
    0x08000258   0x00000000   Code   RO          807    .ARM.Collect$$rtentry$$00000002  c_w.l(__rtentry2.o)
    0x08000258   0x00000006   Code   RO          819    .ARM.Collect$$rtentry$$00000004  c_w.l(__rtentry4.o)
    0x0800025e   0x00000000   Code   RO          809    .ARM.Collect$$rtentry$$00000009  c_w.l(__rtentry2.o)
    0x0800025e   0x00000004   Code   RO          810    .ARM.Collect$$rtentry$$0000000A  c_w.l(__rtentry2.o)
    0x08000262   0x00000000   Code   RO          812    .ARM.Collect$$rtentry$$0000000C  c_w.l(__rtentry2.o)
    0x08000262   0x00000008   Code   RO          813    .ARM.Collect$$rtentry$$0000000D  c_w.l(__rtentry2.o)
    0x0800026a   0x00000002   Code   RO          896    .ARM.Collect$$rtexit$$00000000  c_w.l(rtexit.o)
    0x0800026c   0x00000000   Code   RO          947    .ARM.Collect$$rtexit$$00000002  c_w.l(rtexit2.o)
    0x0800026c   0x00000004   Code   RO          948    .ARM.Collect$$rtexit$$00000003  c_w.l(rtexit2.o)
    0x08000270   0x00000006   Code   RO          949    .ARM.Collect$$rtexit$$00000004  c_w.l(rtexit2.o)
    0x08000276   0x00000002   PAD
    0x08000278   0x00000478   Code   RO            1    .text               main.o
    0x080006f0   0x0000001a   Code   RO          165    .text               stm32f10x_it.o
    0x0800070a   0x00000002   PAD
    0x0800070c   0x000001e0   Code   RO          206    .text               system_stm32f10x.o
    0x080008ec   0x000050dc   Code   RO          224    .text               lcd.o
    0x080059c8   0x00000058   Code   RO          254    .text               led.o
    0x08005a20   0x000000f4   Code   RO          266    .text               key.o
    0x08005b14   0x00000280   Code   RO          279    .text               myiic.o
    0x08005d94   0x0000017a   Code   RO          291    .text               24cxx.o
    0x08005f0e   0x00000002   PAD
    0x08005f10   0x000012a4   Code   RO          341    .text               touch.o
    0x080071b4   0x00000278   Code   RO          364    .text               ctiic.o
    0x0800742c   0x0000035c   Code   RO          379    .text               ott2001a.o
    0x08007788   0x000003b0   Code   RO          395    .text               gt9147.o
    0x08007b38   0x0000013c   Code   RO          414    .text               adc.o
    0x08007c74   0x000002a8   Code   RO          426    .text               hwtimer.o
    0x08007f1c   0x000000d4   Code   RO          445    .text               delay.o
    0x08007ff0   0x0000000c   Code   RO          459    .text               sys.o
    0x08007ffc   0x00000148   Code   RO          471    .text               usart.o
    0x08008144   0x00000040   Code   RO          508    .text               startup_stm32f10x_hd.o
    0x08008184   0x000000dc   Code   RO          512    .text               misc.o
    0x08008260   0x0000060c   Code   RO          524    .text               stm32f10x_fsmc.o
    0x0800886c   0x0000035c   Code   RO          536    .text               stm32f10x_gpio.o
    0x08008bc8   0x000003a4   Code   RO          548    .text               stm32f10x_rcc.o
    0x08008f6c   0x00000408   Code   RO          574    .text               stm32f10x_usart.o
    0x08009374   0x0000044e   Code   RO          586    .text               stm32f10x_adc.o
    0x080097c2   0x00000002   PAD
    0x080097c4   0x00000e1a   Code   RO          598    .text               stm32f10x_tim.o
    0x0800a5de   0x00000002   Code   RO          612    .text               c_w.l(use_no_semi_2.o)
    0x0800a5e0   0x00000024   Code   RO          614    .text               c_w.l(c89vsprintf.o)
    0x0800a604   0x00000018   Code   RO          616    .text               c_w.l(__2printf.o)
    0x0800a61c   0x00000094   Code   RO          640    .text               c_w.l(_printf_hex_int_ll_ptr.o)
    0x0800a6b0   0x00000188   Code   RO          660    .text               c_w.l(__printf_flags_ss_wp.o)
    0x0800a838   0x00000080   Code   RO          665    .text               c_w.l(strcmpv7m.o)
    0x0800a8b8   0x00000006   Code   RO          667    .text               c_w.l(heapauxi.o)
    0x0800a8be   0x00000002   Code   RO          735    .text               c_w.l(use_no_semi.o)
    0x0800a8c0   0x00000016   Code   RO          738    .text               c_w.l(_rserrno.o)
    0x0800a8d6   0x0000004e   Code   RO          740    .text               c_w.l(_printf_pad.o)
    0x0800a924   0x00000024   Code   RO          742    .text               c_w.l(_printf_truncate.o)
    0x0800a948   0x00000052   Code   RO          744    .text               c_w.l(_printf_str.o)
    0x0800a99a   0x000000b2   Code   RO          746    .text               c_w.l(_printf_intcommon.o)
    0x0800aa4c   0x00000078   Code   RO          748    .text               c_w.l(_printf_dec.o)
    0x0800aac4   0x00000028   Code   RO          750    .text               c_w.l(_printf_charcount.o)
    0x0800aaec   0x00000030   Code   RO          752    .text               c_w.l(_printf_char_common.o)
    0x0800ab1c   0x0000000a   Code   RO          754    .text               c_w.l(_sputc.o)
    0x0800ab26   0x00000002   PAD
    0x0800ab28   0x00000024   Code   RO          756    .text               c_w.l(_printf_char_file.o)
    0x0800ab4c   0x000000bc   Code   RO          758    .text               c_w.l(_printf_wctomb.o)
    0x0800ac08   0x0000007c   Code   RO          761    .text               c_w.l(_printf_longlong_dec.o)
    0x0800ac84   0x00000070   Code   RO          767    .text               c_w.l(_printf_oct_int_ll.o)
    0x0800acf4   0x00000008   Code   RO          824    .text               c_w.l(rt_errno_addr_intlibspace.o)
    0x0800acfc   0x0000008a   Code   RO          826    .text               c_w.l(lludiv10.o)
    0x0800ad86   0x0000041a   Code   RO          828    .text               c_w.l(_printf_fp_dec.o)
    0x0800b1a0   0x0000002c   Code   RO          832    .text               c_w.l(_printf_char.o)
    0x0800b1cc   0x0000002c   Code   RO          834    .text               c_w.l(_printf_wchar.o)
    0x0800b1f8   0x00000008   Code   RO          836    .text               c_w.l(ferror.o)
    0x0800b200   0x00000040   Code   RO          840    .text               c_w.l(_wcrtomb.o)
    0x0800b240   0x00000008   Code   RO          842    .text               c_w.l(libspace.o)
    0x0800b248   0x0000004a   Code   RO          845    .text               c_w.l(sys_stackheap_outer.o)
    0x0800b292   0x00000002   PAD
    0x0800b294   0x00000010   Code   RO          847    .text               c_w.l(rt_ctype_table.o)
    0x0800b2a4   0x00000008   Code   RO          852    .text               c_w.l(rt_locale_intlibspace.o)
    0x0800b2ac   0x00000080   Code   RO          854    .text               c_w.l(_printf_fp_infnan.o)
    0x0800b32c   0x000000dc   Code   RO          856    .text               c_w.l(bigflt0.o)
    0x0800b408   0x0000000c   Code   RO          884    .text               c_w.l(exit.o)
    0x0800b414   0x0000003e   Code   RO          859    CL$$btod_d2e        c_w.l(btod.o)
    0x0800b452   0x00000046   Code   RO          861    CL$$btod_d2e_denorm_low  c_w.l(btod.o)
    0x0800b498   0x00000060   Code   RO          860    CL$$btod_d2e_norm_op1  c_w.l(btod.o)
    0x0800b4f8   0x00000338   Code   RO          869    CL$$btod_div_common  c_w.l(btod.o)
    0x0800b830   0x000000c6   Code   RO          866    CL$$btod_e2e        c_w.l(btod.o)
    0x0800b8f6   0x00000028   Code   RO          863    CL$$btod_ediv       c_w.l(btod.o)
    0x0800b91e   0x00000028   Code   RO          862    CL$$btod_emul       c_w.l(btod.o)
    0x0800b946   0x00000244   Code   RO          868    CL$$btod_mult_common  c_w.l(btod.o)
    0x0800bb8a   0x00000028   Code   RO          894    i.__ARM_fpclassify  m_ws.l(fpclassify.o)
    0x0800bbb2   0x0000000e   Code   RO          653    i._is_digit         c_w.l(__printf_wp.o)
    0x0800bbc0   0x0000004c   Code   RO          728    i.sqrt              m_ws.l(sqrt.o)
    0x0800bc0c   0x0000002c   Code   RO          882    locale$$code        c_w.l(lc_numeric_c.o)
    0x0800bc38   0x0000002c   Code   RO          899    locale$$code        c_w.l(lc_ctype_c.o)
    0x0800bc64   0x00000062   Code   RO          671    x$fpl$d2f           fz_ws.l(d2f.o)
    0x0800bcc6   0x00000002   PAD
    0x0800bcc8   0x00000150   Code   RO          673    x$fpl$dadd          fz_ws.l(daddsub_clz.o)
    0x0800be18   0x00000018   Code   RO          791    x$fpl$dcmpinf       fz_ws.l(dcmpi.o)
    0x0800be30   0x0000005e   Code   RO          679    x$fpl$dfix          fz_ws.l(dfix.o)
    0x0800be8e   0x00000002   PAD
    0x0800be90   0x0000005a   Code   RO          683    x$fpl$dfixu         fz_ws.l(dfixu.o)
    0x0800beea   0x0000002e   Code   RO          688    x$fpl$dflt          fz_ws.l(dflt_clz.o)
    0x0800bf18   0x00000026   Code   RO          687    x$fpl$dfltu         fz_ws.l(dflt_clz.o)
    0x0800bf3e   0x00000002   PAD
    0x0800bf40   0x00000078   Code   RO          693    x$fpl$dleqf         fz_ws.l(dleqf.o)
    0x0800bfb8   0x00000154   Code   RO          695    x$fpl$dmul          fz_ws.l(dmul.o)
    0x0800c10c   0x0000009c   Code   RO          793    x$fpl$dnaninf       fz_ws.l(dnaninf.o)
    0x0800c1a8   0x0000000c   Code   RO          795    x$fpl$dretinf       fz_ws.l(dretinf.o)
    0x0800c1b4   0x0000006c   Code   RO          697    x$fpl$drleqf        fz_ws.l(drleqf.o)
    0x0800c220   0x00000016   Code   RO          674    x$fpl$drsb          fz_ws.l(daddsub_clz.o)
    0x0800c236   0x00000002   PAD
    0x0800c238   0x000001cc   Code   RO          797    x$fpl$dsqrt         fz_ws.l(dsqrt_noumaal.o)
    0x0800c404   0x000001d4   Code   RO          675    x$fpl$dsub          fz_ws.l(daddsub_clz.o)
    0x0800c5d8   0x00000056   Code   RO          699    x$fpl$f2d           fz_ws.l(f2d.o)
    0x0800c62e   0x00000002   PAD
    0x0800c630   0x000000c4   Code   RO          701    x$fpl$fadd          fz_ws.l(faddsub_clz.o)
    0x0800c6f4   0x00000184   Code   RO          708    x$fpl$fdiv          fz_ws.l(fdiv.o)
    0x0800c878   0x00000036   Code   RO          711    x$fpl$ffix          fz_ws.l(ffix.o)
    0x0800c8ae   0x00000002   PAD
    0x0800c8b0   0x0000003e   Code   RO          715    x$fpl$ffixu         fz_ws.l(ffixu.o)
    0x0800c8ee   0x00000002   PAD
    0x0800c8f0   0x00000030   Code   RO          720    x$fpl$fflt          fz_ws.l(fflt_clz.o)
    0x0800c920   0x00000026   Code   RO          719    x$fpl$ffltu         fz_ws.l(fflt_clz.o)
    0x0800c946   0x00000002   PAD
    0x0800c948   0x00000102   Code   RO          725    x$fpl$fmul          fz_ws.l(fmul.o)
    0x0800ca4a   0x0000008c   Code   RO          799    x$fpl$fnaninf       fz_ws.l(fnaninf.o)
    0x0800cad6   0x0000000a   Code   RO          801    x$fpl$fretinf       fz_ws.l(fretinf.o)
    0x0800cae0   0x000000ea   Code   RO          703    x$fpl$fsub          fz_ws.l(faddsub_clz.o)
    0x0800cbca   0x00000004   Code   RO          803    x$fpl$printf1       fz_ws.l(printf1.o)
    0x0800cbce   0x00000000   Code   RO          805    x$fpl$usenofp       fz_ws.l(usenofp.o)
    0x0800cbce   0x00008ff0   Data   RO          226    .constdata          lcd.o
    0x08015bbe   0x0000000a   Data   RO          380    .constdata          ott2001a.o
    0x08015bc8   0x000000c2   Data   RO          396    .constdata          gt9147.o
    0x08015c8a   0x00000028   Data   RO          641    .constdata          c_w.l(_printf_hex_int_ll_ptr.o)
    0x08015cb2   0x00000011   Data   RO          661    .constdata          c_w.l(__printf_flags_ss_wp.o)
    0x08015cc3   0x00000001   PAD
    0x08015cc4   0x00000008   Data   RO          759    .constdata          c_w.l(_printf_wctomb.o)
    0x08015ccc   0x00000094   Data   RO          857    .constdata          c_w.l(bigflt0.o)
    0x08015d60   0x00000079   Data   RO          342    .conststring        touch.o
    0x08015dd9   0x00000003   PAD
    0x08015ddc   0x00000020   Data   RO         1018    Region$$Table       anon$$obj.o
    0x08015dfc   0x0000001c   Data   RO          881    locale$$data        c_w.l(lc_numeric_c.o)
    0x08015e18   0x00000110   Data   RO          898    locale$$data        c_w.l(lc_ctype_c.o)


    Execution Region RW_IRAM1 (Base: 0x20000000, Size: 0x00000878, Max: 0x00010000, ABSOLUTE)

    Base Addr    Size         Type   Attr      Idx    E Section Name        Object

    0x20000000   0x00000005   Data   RW            2    .data               main.o
    0x20000005   0x00000003   PAD
    0x20000008   0x00000014   Data   RW          207    .data               system_stm32f10x.o
    0x2000001c   0x00000004   Data   RW          227    .data               lcd.o
    0x20000020   0x00000001   Data   RW          267    .data               key.o
    0x20000021   0x00000003   PAD
    0x20000024   0x0000002c   Data   RW          343    .data               touch.o
    0x20000050   0x00000001   Data   RW          381    .data               ott2001a.o
    0x20000051   0x00000001   Data   RW          397    .data               gt9147.o
    0x20000052   0x00000002   PAD
    0x20000054   0x0000001c   Data   RW          428    .data               hwtimer.o
    0x20000070   0x00000004   Data   RW          446    .data               delay.o
    0x20000074   0x00000006   Data   RW          473    .data               usart.o
    0x2000007a   0x00000014   Data   RW          549    .data               stm32f10x_rcc.o
    0x2000008e   0x00000002   PAD
    0x20000090   0x0000000e   Zero   RW          225    .bss                lcd.o
    0x2000009e   0x00000002   PAD
    0x200000a0   0x000000ac   Zero   RW          427    .bss                hwtimer.o
    0x2000014c   0x000000c8   Zero   RW          472    .bss                usart.o
    0x20000214   0x00000060   Zero   RW          843    .bss                c_w.l(libspace.o)
    0x20000274   0x00000004   PAD
    0x20000278   0x00000200   Zero   RW          506    HEAP                startup_stm32f10x_hd.o
    0x20000478   0x00000400   Zero   RW          505    STACK               startup_stm32f10x_hd.o


==============================================================================

Image component sizes


      Code (inc. data)   RO Data    RW Data    ZI Data      Debug   Object Name

       378          0          0          0          0       2638   24cxx.o
       316         26          0          0          0       1211   adc.o
         0          0          0          0          0         32   core_cm3.o
       632         26          0          0          0       2017   ctiic.o
       212         18          0          4          0       1007   delay.o
       944         40        194          1          0       2858   gt9147.o
       680         64          0         28        172       2443   hwtimer.o
       244         18          0          1          0        820   key.o
     20700        192      36848          4         14      28727   lcd.o
        88          6          0          0          0        499   led.o
      1144         78          0          5          0     271172   main.o
       220         22          0          0          0       1793   misc.o
       640         14          0          0          0       1852   myiic.o
       860         62         10          1          0       2615   ott2001a.o
        64         26        304          0       1536        792   startup_stm32f10x_hd.o
      1102         26          0          0          0      10825   stm32f10x_adc.o
      1548         18          0          0          0       5339   stm32f10x_fsmc.o
       860         38          0          0          0       5637   stm32f10x_gpio.o
        26          0          0          0          0       1178   stm32f10x_it.o
       932         36          0         20          0       8804   stm32f10x_rcc.o
      3610         88          0          0          0      22120   stm32f10x_tim.o
      1032         22          0          0          0       8364   stm32f10x_usart.o
        12          0          0          0          0        449   sys.o
       480         38          0         20          0       1731   system_stm32f10x.o
      4772        232        121         44          0       8888   touch.o
       328         18          0          6        200       3146   usart.o

    ----------------------------------------------------------------------
     41830       1108      37512        144       1924     396957   Object Totals
         0          0         32          0          0          0   (incl. Generated)
         6          0          3         10          2          0   (incl. Padding)

    ----------------------------------------------------------------------

      Code (inc. data)   RO Data    RW Data    ZI Data      Debug   Library Member Name

        24          4          0          0          0         84   __2printf.o
         8          0          0          0          0         68   __main.o
       392          4         17          0          0         92   __printf_flags_ss_wp.o
        14          0          0          0          0         68   __printf_wp.o
         0          0          0          0          0          0   __rtentry.o
        12          0          0          0          0          0   __rtentry2.o
         6          0          0          0          0          0   __rtentry4.o
        52          8          0          0          0          0   __scatter.o
        26          0          0          0          0          0   __scatter_copy.o
        28          0          0          0          0          0   __scatter_zi.o
         6          0          0          0          0          0   _printf_a.o
         6          0          0          0          0          0   _printf_c.o
        44          0          0          0          0        108   _printf_char.o
        48          6          0          0          0         96   _printf_char_common.o
        36          4          0          0          0         80   _printf_char_file.o
        40          0          0          0          0         68   _printf_charcount.o
         6          0          0          0          0          0   _printf_d.o
       120         16          0          0          0         92   _printf_dec.o
         6          0          0          0          0          0   _printf_e.o
         6          0          0          0          0          0   _printf_f.o
      1050          0          0          0          0        216   _printf_fp_dec.o
       128         16          0          0          0         84   _printf_fp_infnan.o
         6          0          0          0          0          0   _printf_g.o
       148          4         40          0          0        160   _printf_hex_int_ll_ptr.o
         6          0          0          0          0          0   _printf_i.o
       178          0          0          0          0         88   _printf_intcommon.o
        10          0          0          0          0          0   _printf_l.o
         6          0          0          0          0          0   _printf_lc.o
        10          0          0          0          0          0   _printf_ll.o
         6          0          0          0          0          0   _printf_lld.o
         6          0          0          0          0          0   _printf_lli.o
         6          0          0          0          0          0   _printf_llo.o
         6          0          0          0          0          0   _printf_llu.o
         6          0          0          0          0          0   _printf_llx.o
       124         16          0          0          0         92   _printf_longlong_dec.o
         6          0          0          0          0          0   _printf_ls.o
         6          0          0          0          0          0   _printf_n.o
         6          0          0          0          0          0   _printf_o.o
       112          8          0          0          0        124   _printf_oct_int_ll.o
         6          0          0          0          0          0   _printf_p.o
        78          0          0          0          0        108   _printf_pad.o
         0          0          0          0          0          0   _printf_percent.o
         4          0          0          0          0          0   _printf_percent_end.o
         6          0          0          0          0          0   _printf_s.o
        82          0          0          0          0         80   _printf_str.o
        36          0          0          0          0         84   _printf_truncate.o
         6          0          0          0          0          0   _printf_u.o
        44          0          0          0          0        108   _printf_wchar.o
       188          6          8          0          0         92   _printf_wctomb.o
         6          0          0          0          0          0   _printf_x.o
        22          0          0          0          0        100   _rserrno.o
        10          0          0          0          0         68   _sputc.o
        64          0          0          0          0         92   _wcrtomb.o
       220          4        148          0          0         96   bigflt0.o
      1910        128          0          0          0        672   btod.o
        36          4          0          0          0         76   c89vsprintf.o
        12          0          0          0          0         72   exit.o
         8          0          0          0          0         68   ferror.o
         6          0          0          0          0        152   heapauxi.o
        44         10        272          0          0         76   lc_ctype_c.o
        44         10         28          0          0         76   lc_numeric_c.o
         2          0          0          0          0          0   libinit.o
        30          0          0          0          0          0   libinit2.o
         2          0          0          0          0          0   libshutdown.o
         2          0          0          0          0          0   libshutdown2.o
         8          4          0          0         96         68   libspace.o
       138          0          0          0          0         80   lludiv10.o
        16          4          0          0          0         76   rt_ctype_table.o
         8          4          0          0          0         68   rt_errno_addr_intlibspace.o
         8          4          0          0          0         68   rt_locale_intlibspace.o
         2          0          0          0          0          0   rtexit.o
        10          0          0          0          0          0   rtexit2.o
       128          0          0          0          0         68   strcmpv7m.o
        74          0          0          0          0         80   sys_stackheap_outer.o
         2          0          0          0          0         68   use_no_semi.o
         2          0          0          0          0         68   use_no_semi_2.o
        98          4          0          0          0         92   d2f.o
       826         16          0          0          0        348   daddsub_clz.o
        24          0          0          0          0         68   dcmpi.o
        94          4          0          0          0         92   dfix.o
        90          4          0          0          0         92   dfixu.o
        84          0          0          0          0        136   dflt_clz.o
       120          4          0          0          0         92   dleqf.o
       340         12          0          0          0        104   dmul.o
       156          4          0          0          0         92   dnaninf.o
        12          0          0          0          0         68   dretinf.o
       108          0          0          0          0         80   drleqf.o
       460         56          0          0          0        120   dsqrt_noumaal.o
        86          4          0          0          0         84   f2d.o
       430          8          0          0          0        168   faddsub_clz.o
       388         76          0          0          0         96   fdiv.o
        54          4          0          0          0         84   ffix.o
        62          4          0          0          0         84   ffixu.o
        86          0          0          0          0        136   fflt_clz.o
       258          4          0          0          0         84   fmul.o
       140          4          0          0          0         84   fnaninf.o
        10          0          0          0          0         68   fretinf.o
         4          0          0          0          0         68   printf1.o
         0          0          0          0          0          0   usenofp.o
        40          0          0          0          0         68   fpclassify.o
        76          0          0          0          0         84   sqrt.o

    ----------------------------------------------------------------------
     10040        472        514          0        100       6676   Library Totals
        24          0          1          0          4          0   (incl. Padding)

    ----------------------------------------------------------------------

      Code (inc. data)   RO Data    RW Data    ZI Data      Debug   Library Name

      5970        264        513          0         96       4184   c_w.l
      3930        208          0          0          0       2340   fz_ws.l
       116          0          0          0          0        152   m_ws.l

    ----------------------------------------------------------------------
     10040        472        514          0        100       6676   Library Totals

    ----------------------------------------------------------------------

==============================================================================


      Code (inc. data)   RO Data    RW Data    ZI Data      Debug   

     51870       1580      38026        144       2024     397753   Grand Totals
     51870       1580      38026        144       2024     397753   ELF Image Totals
     51870       1580      38026        144          0          0   ROM Totals

==============================================================================

    Total RO  Size (Code + RO Data)                89896 (  87.79kB)
    Total RW  Size (RW Data + ZI Data)              2168 (   2.12kB)
    Total ROM Size (Code + RO Data + RW Data)      90040 (  87.93kB)

==============================================================================

